Archive member included to satisfy reference by file (symbol)

C:/ST/STM32CubeIDE_1.17.0/STM32CubeIDE/plugins/com.st.stm32cube.ide.mcu.externaltools.gnu-tools-for-stm32.12.3.rel1.win32_1.1.0.202410251130/tools/bin/../lib/gcc/arm-none-eabi/12.3.1/../../../../arm-none-eabi/lib/thumb/v7e-m+fp/hard\libc_nano.a(libc_a-exit.o)
                              C:/ST/STM32CubeIDE_1.17.0/STM32CubeIDE/plugins/com.st.stm32cube.ide.mcu.externaltools.gnu-tools-for-stm32.12.3.rel1.win32_1.1.0.202410251130/tools/bin/../lib/gcc/arm-none-eabi/12.3.1/../../../../arm-none-eabi/lib/thumb/v7e-m+fp/hard/crt0.o (exit)
C:/ST/STM32CubeIDE_1.17.0/STM32CubeIDE/plugins/com.st.stm32cube.ide.mcu.externaltools.gnu-tools-for-stm32.12.3.rel1.win32_1.1.0.202410251130/tools/bin/../lib/gcc/arm-none-eabi/12.3.1/../../../../arm-none-eabi/lib/thumb/v7e-m+fp/hard\libc_nano.a(libc_a-malloc.o)
                              ./Src/serial.o (malloc)
C:/ST/STM32CubeIDE_1.17.0/STM32CubeIDE/plugins/com.st.stm32cube.ide.mcu.externaltools.gnu-tools-for-stm32.12.3.rel1.win32_1.1.0.202410251130/tools/bin/../lib/gcc/arm-none-eabi/12.3.1/../../../../arm-none-eabi/lib/thumb/v7e-m+fp/hard\libc_nano.a(libc_a-mallocr.o)
                              C:/ST/STM32CubeIDE_1.17.0/STM32CubeIDE/plugins/com.st.stm32cube.ide.mcu.externaltools.gnu-tools-for-stm32.12.3.rel1.win32_1.1.0.202410251130/tools/bin/../lib/gcc/arm-none-eabi/12.3.1/../../../../arm-none-eabi/lib/thumb/v7e-m+fp/hard\libc_nano.a(libc_a-malloc.o) (_malloc_r)
C:/ST/STM32CubeIDE_1.17.0/STM32CubeIDE/plugins/com.st.stm32cube.ide.mcu.externaltools.gnu-tools-for-stm32.12.3.rel1.win32_1.1.0.202410251130/tools/bin/../lib/gcc/arm-none-eabi/12.3.1/../../../../arm-none-eabi/lib/thumb/v7e-m+fp/hard\libc_nano.a(libc_a-mlock.o)
                              C:/ST/STM32CubeIDE_1.17.0/STM32CubeIDE/plugins/com.st.stm32cube.ide.mcu.externaltools.gnu-tools-for-stm32.12.3.rel1.win32_1.1.0.202410251130/tools/bin/../lib/gcc/arm-none-eabi/12.3.1/../../../../arm-none-eabi/lib/thumb/v7e-m+fp/hard\libc_nano.a(libc_a-mallocr.o) (__malloc_lock)
C:/ST/STM32CubeIDE_1.17.0/STM32CubeIDE/plugins/com.st.stm32cube.ide.mcu.externaltools.gnu-tools-for-stm32.12.3.rel1.win32_1.1.0.202410251130/tools/bin/../lib/gcc/arm-none-eabi/12.3.1/../../../../arm-none-eabi/lib/thumb/v7e-m+fp/hard\libc_nano.a(libc_a-findfp.o)
                              C:/ST/STM32CubeIDE_1.17.0/STM32CubeIDE/plugins/com.st.stm32cube.ide.mcu.externaltools.gnu-tools-for-stm32.12.3.rel1.win32_1.1.0.202410251130/tools/bin/../lib/gcc/arm-none-eabi/12.3.1/../../../../arm-none-eabi/lib/thumb/v7e-m+fp/hard\libc_nano.a(libc_a-exit.o) (__stdio_exit_handler)
C:/ST/STM32CubeIDE_1.17.0/STM32CubeIDE/plugins/com.st.stm32cube.ide.mcu.externaltools.gnu-tools-for-stm32.12.3.rel1.win32_1.1.0.202410251130/tools/bin/../lib/gcc/arm-none-eabi/12.3.1/../../../../arm-none-eabi/lib/thumb/v7e-m+fp/hard\libc_nano.a(libc_a-fwalk.o)
                              C:/ST/STM32CubeIDE_1.17.0/STM32CubeIDE/plugins/com.st.stm32cube.ide.mcu.externaltools.gnu-tools-for-stm32.12.3.rel1.win32_1.1.0.202410251130/tools/bin/../lib/gcc/arm-none-eabi/12.3.1/../../../../arm-none-eabi/lib/thumb/v7e-m+fp/hard\libc_nano.a(libc_a-findfp.o) (_fwalk_sglue)
C:/ST/STM32CubeIDE_1.17.0/STM32CubeIDE/plugins/com.st.stm32cube.ide.mcu.externaltools.gnu-tools-for-stm32.12.3.rel1.win32_1.1.0.202410251130/tools/bin/../lib/gcc/arm-none-eabi/12.3.1/../../../../arm-none-eabi/lib/thumb/v7e-m+fp/hard\libc_nano.a(libc_a-stdio.o)
                              C:/ST/STM32CubeIDE_1.17.0/STM32CubeIDE/plugins/com.st.stm32cube.ide.mcu.externaltools.gnu-tools-for-stm32.12.3.rel1.win32_1.1.0.202410251130/tools/bin/../lib/gcc/arm-none-eabi/12.3.1/../../../../arm-none-eabi/lib/thumb/v7e-m+fp/hard\libc_nano.a(libc_a-findfp.o) (__sread)
C:/ST/STM32CubeIDE_1.17.0/STM32CubeIDE/plugins/com.st.stm32cube.ide.mcu.externaltools.gnu-tools-for-stm32.12.3.rel1.win32_1.1.0.202410251130/tools/bin/../lib/gcc/arm-none-eabi/12.3.1/../../../../arm-none-eabi/lib/thumb/v7e-m+fp/hard\libc_nano.a(libc_a-memset.o)
                              C:/ST/STM32CubeIDE_1.17.0/STM32CubeIDE/plugins/com.st.stm32cube.ide.mcu.externaltools.gnu-tools-for-stm32.12.3.rel1.win32_1.1.0.202410251130/tools/bin/../lib/gcc/arm-none-eabi/12.3.1/../../../../arm-none-eabi/lib/thumb/v7e-m+fp/hard/crt0.o (memset)
C:/ST/STM32CubeIDE_1.17.0/STM32CubeIDE/plugins/com.st.stm32cube.ide.mcu.externaltools.gnu-tools-for-stm32.12.3.rel1.win32_1.1.0.202410251130/tools/bin/../lib/gcc/arm-none-eabi/12.3.1/../../../../arm-none-eabi/lib/thumb/v7e-m+fp/hard\libc_nano.a(libc_a-strncmp.o)
                              ./Src/parse.o (strncmp)
C:/ST/STM32CubeIDE_1.17.0/STM32CubeIDE/plugins/com.st.stm32cube.ide.mcu.externaltools.gnu-tools-for-stm32.12.3.rel1.win32_1.1.0.202410251130/tools/bin/../lib/gcc/arm-none-eabi/12.3.1/../../../../arm-none-eabi/lib/thumb/v7e-m+fp/hard\libc_nano.a(libc_a-closer.o)
[...]
Memory Configuration

Name             Origin             Length             Attributes
CCMRAM           0x10000000         0x00002000         xrw
RAM              0x20000000         0x0000a000         xrw
FLASH            0x08000000         0x00040000         xr
*default*        0x00000000         0xffffffff

Linker script and memory map

LOAD C:/ST/STM32CubeIDE_1.17.0/STM32CubeIDE/plugins/com.st.stm32cube.ide.mcu.externaltools.gnu-tools-for-stm32.12.3.rel1.win32_1.1.0.202410251130/tools/bin/../lib/gcc/arm-none-eabi/12.3.1/thumb/v7e-m+fp/hard/crti.o
LOAD C:/ST/STM32CubeIDE_1.17.0/STM32CubeIDE/plugins/com.st.stm32cube.ide.mcu.externaltools.gnu-tools-for-stm32.12.3.rel1.win32_1.1.0.202410251130/tools/bin/../lib/gcc/arm-none-eabi/12.3.1/thumb/v7e-m+fp/hard/crtbegin.o
LOAD C:/ST/STM32CubeIDE_1.17.0/STM32CubeIDE/plugins/com.st.stm32cube.ide.mcu.externaltools.gnu-tools-for-stm32.12.3.rel1.win32_1.1.0.202410251130/tools/bin/../lib/gcc/arm-none-eabi/12.3.1/../../../../arm-none-eabi/lib/thumb/v7e-m+fp/hard/crt0.o
LOAD ./Src/digital_IO.o
LOAD ./Src/main.o
LOAD ./Src/parse.o
LOAD ./Src/serial.o
LOAD ./Src/set_get_leds.o
LOAD ./Src/syscalls.o
LOAD ./Src/sysmem.o
LOAD ./Src/timers.o
LOAD ./Startup/startup_stm32f303vctx.o
START GROUP
LOAD C:/ST/STM32CubeIDE_1.17.0/STM32CubeIDE/plugins/com.st.stm32cube.ide.mcu.externaltools.gnu-tools-for-stm32.12.3.rel1.win32_1.1.0.202410251130/tools/bin/../lib/gcc/arm-none-eabi/12.3.1/../../../../arm-none-eabi/lib/thumb/v7e-m+fp/hard\libc_nano.a
LOAD C:/ST/STM32CubeIDE_1.17.0/STM32CubeIDE/plugins/com.st.stm32cube.ide.mcu.externaltools.gnu-tools-for-stm32.12.3.rel1.win32_1.1.0.202410251130/tools/bin/../lib/gcc/arm-none-eabi/12.3.1/../../../../arm-none-eabi/lib/thumb/v7e-m+fp/hard\libm.a
END GROUP
START GROUP
LOAD C:/ST/STM32CubeIDE_1.17.0/STM32CubeIDE/plugins/com.st.stm32cube.ide.mcu.externaltools.gnu-tools-for-stm32.12.3.rel1.win32_1.1.0.202410251130/tools/bin/../lib/gcc/arm-none-eabi/12.3.1/thumb/v7e-m+fp/hard\libgcc.a
LOAD C:/ST/STM32CubeIDE_1.17.0/STM32CubeIDE/plugins/com.st.stm32cube.ide.mcu.externaltools.gnu-tools-for-stm32.12.3.rel1.win32_1.1.0.202410251130/tools/bin/../lib/gcc/arm-none-eabi/12.3.1/../../../../arm-none-eabi/lib/thumb/v7e-m+fp/hard\libc_nano.a
END GROUP
START GROUP
LOAD C:/ST/STM32CubeIDE_1.17.0/STM32CubeIDE/plugins/com.st.stm32cube.ide.mcu.externaltools.gnu-tools-for-stm32.12.3.rel1.win32_1.1.0.202410251130/tools/bin/../lib/gcc/arm-none-eabi/12.3.1/thumb/v7e-m+fp/hard\libgcc.a
LOAD C:/ST/STM32CubeIDE_1.17.0/STM32CubeIDE/plugins/com.st.stm32cube.ide.mcu.externaltools.gnu-tools-for-stm32.12.3.rel1.win32_1.1.0.202410251130/tools/bin/../lib/gcc/arm-none-eabi/12.3.1/../../../../arm-none-eabi/lib/thumb/v7e-m+fp/hard\libc_nano.a
LOAD C:/ST/STM32CubeIDE_1.17.0/STM32CubeIDE/plugins/com.st.stm32cube.ide.mcu.externaltools.gnu-tools-for-stm32.12.3.rel1.win32_1.1.0.202410251130/tools/bin/../lib/gcc/arm-none-eabi/12.3.1/../../../../arm-none-eabi/lib/thumb/v7e-m+fp/hard\libnosys.a
END GROUP
START GROUP
LOAD C:/ST/STM32CubeIDE_1.17.0/STM32CubeIDE/plugins/com.st.stm32cube.ide.mcu.externaltools.gnu-tools-for-stm32.12.3.rel1.win32_1.1.0.202410251130/tools/bin/../lib/gcc/arm-none-eabi/12.3.1/thumb/v7e-m+fp/hard\libgcc.a
LOAD C:/ST/STM32CubeIDE_1.17.0/STM32CubeIDE/plugins/com.st.stm32cube.ide.mcu.externaltools.gnu-tools-for-stm32.12.3.rel1.win32_1.1.0.202410251130/tools/bin/../lib/gcc/arm-none-eabi/12.3.1/../../../../arm-none-eabi/lib/thumb/v7e-m+fp/hard\libc_nano.a
LOAD C:/ST/STM32CubeIDE_1.17.0/STM32CubeIDE/plugins/com.st.stm32cube.ide.mcu.externaltools.gnu-tools-for-stm32.12.3.rel1.win32_1.1.0.202410251130/tools/bin/../lib/gcc/arm-none-eabi/12.3.1/../../../../arm-none-eabi/lib/thumb/v7e-m+fp/hard\libnosys.a
END GROUP
LOAD C:/ST/STM32CubeIDE_1.17.0/STM32CubeIDE/plugins/com.st.stm32cube.ide.mcu.externaltools.gnu-tools-for-stm32.12.3.rel1.win32_1.1.0.202410251130/tools/bin/../lib/gcc/arm-none-eabi/12.3.1/thumb/v7e-m+fp/hard/crtend.o
LOAD C:/ST/STM32CubeIDE_1.17.0/STM32CubeIDE/plugins/com.st.stm32cube.ide.mcu.externaltools.gnu-tools-for-stm32.12.3.rel1.win32_1.1.0.202410251130/tools/bin/../lib/gcc/arm-none-eabi/12.3.1/thumb/v7e-m+fp/hard/crtn.o
                0x2000a000                        _estack = (ORIGIN (RAM) + LENGTH (RAM))
                0x00000200                        _Min_Heap_Size = 0x200
                0x00000400                        _Min_Stack_Size = 0x400

.isr_vector     0x08000000      0x194
                0x08000000                        . = ALIGN (0x4)
 *(.isr_vector)
 .isr_vector    0x08000000      0x194 ./Startup/startup_stm32f303vctx.o
                0x08000000                g_pfnVectors
                0x08000194                        . = ALIGN (0x4)

.text           0x08000194      0xb70
                0x08000194                        . = ALIGN (0x4)
 *(.text)
 .text          0x08000194       0x40 C:/ST/STM32CubeIDE_1.17.0/STM32CubeIDE/plugins/com.st.stm32cube.ide.mcu.externaltools.gnu-tools-for-stm32.12.3.rel1.win32_1.1.0.202410251130/tools/bin/../lib/gcc/arm-none-eabi/12.3.1/thumb/v7e-m+fp/hard/crtbegin.o
 *(.text*)
 .text.enable_clocks
                0x080001d4       0x20 ./Src/digital_IO.o
                0x080001d4                enable_clocks
 .text.initialise_board
                0x080001f4       0x24 ./Src/digital_IO.o
                0x080001f4                initialise_board
 .text.led_case
                0x08000218       0x52 ./Src/digital_IO.o
                0x08000218                led_case
 *fill*         0x0800026a        0x2 
 .text.main     0x0800026c       0x1c ./Src/main.o
                0x0800026c                main
 .text.parse_buffer
                0x08000288      0x114 ./Src/parse.o
                0x08000288                parse_buffer
 .text.__NVIC_EnableIRQ
                0x0800039c       0x3c ./Src/serial.o
 .text.__NVIC_SetPriority
                0x080003d8       0x54 ./Src/serial.o
 .text.SerialInitialise
                0x0800042c      0x16c ./Src/serial.o
                0x0800042c                SerialInitialise
 .text.USART1_EXTI25_IRQHandler
                0x08000598       0x28 ./Src/serial.o
                0x08000598                USART1_EXTI25_IRQHandler
 .text.rx_function
                0x080005c0       0xd2 ./Src/serial.o
                0x080005c0                rx_function
 .text.tx_enable
                0x08000692       0x48 ./Src/serial.o
                0x08000692                tx_enable
 .text.tx_string
                0x080006da       0x20 ./Src/serial.o
                0x080006da                tx_string
 .text.tx_function
                0x080006fa       0x44 ./Src/serial.o
                0x080006fa                tx_function
 *fill*         0x0800073e        0x2 
 .text.set_led_state
                0x08000740       0x30 ./Src/set_get_leds.o
                0x08000740                set_led_state
 .text._sbrk    0x08000770       0x6c ./Src/sysmem.o
                0x08000770                _sbrk
 .text.__NVIC_EnableIRQ
                0x080007dc       0x3c ./Src/timers.o
 .text.__NVIC_DisableIRQ
                0x08000818       0x48 ./Src/timers.o
 .text.timers_case
                0x08000860       0x4c ./Src/timers.o
                0x08000860                timers_case
 .text.Timer_Init
                0x080008ac       0x68 ./Src/timers.o
                0x080008ac                Timer_Init
 .text.Timer_Start
                0x08000914       0x1e ./Src/timers.o
                0x08000914                Timer_Start
 *fill*         0x08000932        0x2 
 .text.Timer_OneShot
                0x08000934       0x44 ./Src/timers.o
                0x08000934                Timer_OneShot
 .text.TIM2_IRQHandler
                0x08000978       0x5c ./Src/timers.o
                0x08000978                TIM2_IRQHandler
 .text.led_callback
                0x080009d4       0x40 ./Src/timers.o
                0x080009d4                led_callback
 .text.led_oneshot_callback
                0x08000a14       0x20 ./Src/timers.o
                0x08000a14                led_oneshot_callback
 .text.stop_timer
                0x08000a34       0x5c ./Src/timers.o
                0x08000a34                stop_timer
 .text.Reset_Handler
                0x08000a90       0x50 ./Startup/startup_stm32f303vctx.o
                0x08000a90                Reset_Handler
 .text.Default_Handler
                0x08000ae0        0x2 ./Startup/startup_stm32f303vctx.o
                0x08000ae0                TIM8_TRG_COM_IRQHandler
                0x08000ae0                TIM8_CC_IRQHandler
                0x08000ae0                DebugMon_Handler
                0x08000ae0                DMA1_CH4_IRQHandler
                0x08000ae0                SPI4_IRQHandler
                0x08000ae0                TIM1_CC_IRQHandler
                0x08000ae0                HardFault_Handler
                0x08000ae0                USB_HP_IRQHandler
                0x08000ae0                I2C2_EV_EXTI24_IRQHandler
                0x08000ae0                SysTick_Handler
                0x08000ae0                USB_WKUP_EXTI_IRQHandler
                0x08000ae0                PVD_IRQHandler
                0x08000ae0                UART4_EXTI34_IRQHandler
                0x08000ae0                TAMP_STAMP_IRQHandler
                0x08000ae0                PendSV_Handler
                0x08000ae0                NMI_Handler
                0x08000ae0                EXTI3_IRQHandler
                0x08000ae0                I2C3_ER_IRQHandler
                0x08000ae0                TIM6_DACUNDER_IRQHandler
                0x08000ae0                USB_HP_CAN_TX_IRQHandler
                0x08000ae0                EXTI0_IRQHandler
                0x08000ae0                DMA2_CH1_IRQHandler
                0x08000ae0                TIM1_UP_TIM16_IRQHandler
                0x08000ae0                UsageFault_Handler
                0x08000ae0                ADC1_2_IRQHandler
                0x08000ae0                SPI1_IRQHandler
                0x08000ae0                CAN_SCE_IRQHandler
                0x08000ae0                DMA1_CH7_IRQHandler
                0x08000ae0                TIM8_UP_IRQHandler
                0x08000ae0                COMP456_IRQHandler
                0x08000ae0                DMA1_CH6_IRQHandler
                0x08000ae0                TIM20_TRG_COM_IRQHandler
                0x08000ae0                ADC3_IRQHandler
                0x08000ae0                TIM4_IRQHandler
                0x08000ae0                CAN_RX1_IRQHandler
                0x08000ae0                DMA2_CH5_IRQHandler
                0x08000ae0                I2C1_EV_EXTI23_IRQHandler
                0x08000ae0                DMA1_CH3_IRQHandler
                0x08000ae0                TIM3_IRQHandler
                0x08000ae0                RCC_IRQHandler
                0x08000ae0                TIM20_UP_IRQHandler
                0x08000ae0                Default_Handler
                0x08000ae0                EXTI15_10_IRQHandler
                0x08000ae0                USART2_EXTI26_IRQHandler
                0x08000ae0                USART3_EXTI28_IRQHandler
                0x08000ae0                TIM7_IRQHandler
                0x08000ae0                I2C3_EV_IRQHandler
                0x08000ae0                EXTI9_5_IRQHandler
                0x08000ae0                DMA1_CH2_IRQHandler
                0x08000ae0                RTC_WKUP_IRQHandler
                0x08000ae0                SPI2_IRQHandler
                0x08000ae0                DMA1_CH1_IRQHandler
                0x08000ae0                USB_LP_CAN_RX0_IRQHandler
                0x08000ae0                MemManage_Handler
                0x08000ae0                COMP123_IRQHandler
                0x08000ae0                SVC_Handler
                0x08000ae0                USB_LP_IRQHandler
                0x08000ae0                EXTI4_IRQHandler
                0x08000ae0                TIM1_TRG_COM_TIM17_IRQHandler
                0x08000ae0                ADC4_IRQHandler
                0x08000ae0                WWDG_IRQHandler
                0x08000ae0                COMP7_IRQHandler
                0x08000ae0                EXTI1_IRQHandler
                0x08000ae0                RTCAlarm_IRQHandler
                0x08000ae0                UART5_EXTI35_IRQHandler
                0x08000ae0                TIM20_BRK_IRQHandler
                0x08000ae0                I2C2_ER_IRQHandler
                0x08000ae0                TIM8_BRK_IRQHandler
                0x08000ae0                FLASH_IRQHandler
                0x08000ae0                TIM20_CC_IRQHandler
                0x08000ae0                BusFault_Handler
                0x08000ae0                SPI3_IRQHandler
                0x08000ae0                DMA2_CH3_IRQHandler
                0x08000ae0                DMA2_CH2_IRQHandler
                0x08000ae0                I2C1_ER_IRQHandler
                0x08000ae0                FMC_IRQHandler
                0x08000ae0                DMA1_CH5_IRQHandler
                0x08000ae0                DMA2_CH4_IRQHandler
                0x08000ae0                USB_WKUP_IRQHandler
                0x08000ae0                EXTI2_TSC_IRQHandler
                0x08000ae0                TIM1_BRK_TIM15_IRQHandler
 *fill*         0x08000ae2        0x2 
 .text.malloc   0x08000ae4       0x10 C:/ST/STM32CubeIDE_1.17.0/STM32CubeIDE/plugins/com.st.stm32cube.ide.mcu.externaltools.gnu-tools-for-stm32.12.3.rel1.win32_1.1.0.202410251130/tools/bin/../lib/gcc/arm-none-eabi/12.3.1/../../../../arm-none-eabi/lib/thumb/v7e-m+fp/hard\libc_nano.a(libc_a-malloc.o)
                0x08000ae4                malloc
 .text.sbrk_aligned
                0x08000af4       0x44 C:/ST/STM32CubeIDE_1.17.0/STM32CubeIDE/plugins/com.st.stm32cube.ide.mcu.externaltools.gnu-tools-for-stm32.12.3.rel1.win32_1.1.0.202410251130/tools/bin/../lib/gcc/arm-none-eabi/12.3.1/../../../../arm-none-eabi/lib/thumb/v7e-m+fp/hard\libc_nano.a(libc_a-mallocr.o)
 .text._malloc_r
                0x08000b38      0x100 C:/ST/STM32CubeIDE_1.17.0/STM32CubeIDE/plugins/com.st.stm32cube.ide.mcu.externaltools.gnu-tools-for-stm32.12.3.rel1.win32_1.1.0.202410251130/tools/bin/../lib/gcc/arm-none-eabi/12.3.1/../../../../arm-none-eabi/lib/thumb/v7e-m+fp/hard\libc_nano.a(libc_a-mallocr.o)
                0x08000b38                _malloc_r
 .text.__malloc_lock
                0x08000c38        0xc C:/ST/STM32CubeIDE_1.17.0/STM32CubeIDE/plugins/com.st.stm32cube.ide.mcu.externaltools.gnu-tools-for-stm32.12.3.rel1.win32_1.1.0.202410251130/tools/bin/../lib/gcc/arm-none-eabi/12.3.1/../../../../arm-none-eabi/lib/thumb/v7e-m+fp/hard\libc_nano.a(libc_a-mlock.o)
                0x08000c38                __malloc_lock
 .text.__malloc_unlock
                0x08000c44        0xc C:/ST/STM32CubeIDE_1.17.0/STM32CubeIDE/plugins/com.st.stm32cube.ide.mcu.externaltools.gnu-tools-for-stm32.12.3.rel1.win32_1.1.0.202410251130/tools/bin/../lib/gcc/arm-none-eabi/12.3.1/../../../../arm-none-eabi/lib/thumb/v7e-m+fp/hard\libc_nano.a(libc_a-mlock.o)
                0x08000c44                __malloc_unlock
 .text.strncmp  0x08000c50       0x24 C:/ST/STM32CubeIDE_1.17.0/STM32CubeIDE/plugins/com.st.stm32cube.ide.mcu.externaltools.gnu-tools-for-stm32.12.3.rel1.win32_1.1.0.202410251130/tools/bin/../lib/gcc/arm-none-eabi/12.3.1/../../../../arm-none-eabi/lib/thumb/v7e-m+fp/hard\libc_nano.a(libc_a-strncmp.o)
                0x08000c50                strncmp
 .text._sbrk_r  0x08000c74       0x20 C:/ST/STM32CubeIDE_1.17.0/STM32CubeIDE/plugins/com.st.stm32cube.ide.mcu.externaltools.gnu-tools-for-stm32.12.3.rel1.win32_1.1.0.202410251130/tools/bin/../lib/gcc/arm-none-eabi/12.3.1/../../../../arm-none-eabi/lib/thumb/v7e-m+fp/hard\libc_nano.a(libc_a-sbrkr.o)
                0x08000c74                _sbrk_r
 .text.__errno  0x08000c94        0xc C:/ST/STM32CubeIDE_1.17.0/STM32CubeIDE/plugins/com.st.stm32cube.ide.mcu.externaltools.gnu-tools-for-stm32.12.3.rel1.win32_1.1.0.202410251130/tools/bin/../lib/gcc/arm-none-eabi/12.3.1/../../../../arm-none-eabi/lib/thumb/v7e-m+fp/hard\libc_nano.a(libc_a-errno.o)
                0x08000c94                __errno
 .text.__libc_init_array
                0x08000ca0       0x48 C:/ST/STM32CubeIDE_1.17.0/STM32CubeIDE/plugins/com.st.stm32cube.ide.mcu.externaltools.gnu-tools-for-stm32.12.3.rel1.win32_1.1.0.202410251130/tools/bin/../lib/gcc/arm-none-eabi/12.3.1/../../../../arm-none-eabi/lib/thumb/v7e-m+fp/hard\libc_nano.a(libc_a-init.o)
                0x08000ca0                __libc_init_array
 .text.__retarget_lock_acquire_recursive
                0x08000ce8        0x2 C:/ST/STM32CubeIDE_1.17.0/STM32CubeIDE/plugins/com.st.stm32cube.ide.mcu.externaltools.gnu-tools-for-stm32.12.3.rel1.win32_1.1.0.202410251130/tools/bin/../lib/gcc/arm-none-eabi/12.3.1/../../../../arm-none-eabi/lib/thumb/v7e-m+fp/hard\libc_nano.a(libc_a-lock.o)
                0x08000ce8                __retarget_lock_acquire_recursive
 .text.__retarget_lock_release_recursive
                0x08000cea        0x2 C:/ST/STM32CubeIDE_1.17.0/STM32CubeIDE/plugins/com.st.stm32cube.ide.mcu.externaltools.gnu-tools-for-stm32.12.3.rel1.win32_1.1.0.202410251130/tools/bin/../lib/gcc/arm-none-eabi/12.3.1/../../../../arm-none-eabi/lib/thumb/v7e-m+fp/hard\libc_nano.a(libc_a-lock.o)
                0x08000cea                __retarget_lock_release_recursive
 *(.glue_7)
 .glue_7        0x08000cec        0x0 linker stubs
 *(.glue_7t)
 .glue_7t       0x08000cec        0x0 linker stubs
 *(.eh_frame)
 .eh_frame      0x08000cec        0x0 C:/ST/STM32CubeIDE_1.17.0/STM32CubeIDE/plugins/com.st.stm32cube.ide.mcu.externaltools.gnu-tools-for-stm32.12.3.rel1.win32_1.1.0.202410251130/tools/bin/../lib/gcc/arm-none-eabi/12.3.1/thumb/v7e-m+fp/hard/crtbegin.o
 *(.init)
 .init          0x08000cec        0x4 C:/ST/STM32CubeIDE_1.17.0/STM32CubeIDE/plugins/com.st.stm32cube.ide.mcu.externaltools.gnu-tools-for-stm32.12.3.rel1.win32_1.1.0.202410251130/tools/bin/../lib/gcc/arm-none-eabi/12.3.1/thumb/v7e-m+fp/hard/crti.o
                0x08000cec                _init
 .init          0x08000cf0        0x8 C:/ST/STM32CubeIDE_1.17.0/STM32CubeIDE/plugins/com.st.stm32cube.ide.mcu.externaltools.gnu-tools-for-stm32.12.3.rel1.win32_1.1.0.202410251130/tools/bin/../lib/gcc/arm-none-eabi/12.3.1/thumb/v7e-m+fp/hard/crtn.o
 *(.fini)
 .fini          0x08000cf8        0x4 C:/ST/STM32CubeIDE_1.17.0/STM32CubeIDE/plugins/com.st.stm32cube.ide.mcu.externaltools.gnu-tools-for-stm32.12.3.rel1.win32_1.1.0.202410251130/tools/bin/../lib/gcc/arm-none-eabi/12.3.1/thumb/v7e-m+fp/hard/crti.o
                0x08000cf8                _fini
 .fini          0x08000cfc        0x8 C:/ST/STM32CubeIDE_1.17.0/STM32CubeIDE/plugins/com.st.stm32cube.ide.mcu.externaltools.gnu-tools-for-stm32.12.3.rel1.win32_1.1.0.202410251130/tools/bin/../lib/gcc/arm-none-eabi/12.3.1/thumb/v7e-m+fp/hard/crtn.o
                0x08000d04                        . = ALIGN (0x4)
                0x08000d04                        _etext = .

.vfp11_veneer   0x08000d04        0x0
 .vfp11_veneer  0x08000d04        0x0 linker stubs

.v4_bx          0x08000d04        0x0
 .v4_bx         0x08000d04        0x0 linker stubs

.iplt           0x08000d04        0x0
 .iplt          0x08000d04        0x0 C:/ST/STM32CubeIDE_1.17.0/STM32CubeIDE/plugins/com.st.stm32cube.ide.mcu.externaltools.gnu-tools-for-stm32.12.3.rel1.win32_1.1.0.202410251130/tools/bin/../lib/gcc/arm-none-eabi/12.3.1/thumb/v7e-m+fp/hard/crtbegin.o

.rodata         0x08000d04       0x24
                0x08000d04                        . = ALIGN (0x4)
 *(.rodata)
 .rodata        0x08000d04       0x21 ./Src/parse.o
 *(.rodata*)
                0x08000d28                        . = ALIGN (0x4)
 *fill*         0x08000d25        0x3 

.ARM.extab      0x08000d28        0x0
                0x08000d28                        . = ALIGN (0x4)
 *(.ARM.extab* .gnu.linkonce.armextab.*)
                0x08000d28                        . = ALIGN (0x4)

.ARM            0x08000d28        0x0
                0x08000d28                        . = ALIGN (0x4)
                0x08000d28                        __exidx_start = .
 *(.ARM.exidx*)
                0x08000d28                        __exidx_end = .
                0x08000d28                        . = ALIGN (0x4)

.preinit_array  0x08000d28        0x0
                0x08000d28                        . = ALIGN (0x4)
                0x08000d28                        PROVIDE (__preinit_array_start = .)
 *(.preinit_array*)
                0x08000d28                        PROVIDE (__preinit_array_end = .)
                0x08000d28                        . = ALIGN (0x4)

.init_array     0x08000d28        0x4
                0x08000d28                        . = ALIGN (0x4)
                0x08000d28                        PROVIDE (__init_array_start = .)
 *(SORT_BY_NAME(.init_array.*))
 *(.init_array*)
 .init_array    0x08000d28        0x4 C:/ST/STM32CubeIDE_1.17.0/STM32CubeIDE/plugins/com.st.stm32cube.ide.mcu.externaltools.gnu-tools-for-stm32.12.3.rel1.win32_1.1.0.202410251130/tools/bin/../lib/gcc/arm-none-eabi/12.3.1/thumb/v7e-m+fp/hard/crtbegin.o
                0x08000d2c                        PROVIDE (__init_array_end = .)
                0x08000d2c                        . = ALIGN (0x4)

.fini_array     0x08000d2c        0x4
                0x08000d2c                        . = ALIGN (0x4)
                [!provide]                        PROVIDE (__fini_array_start = .)
 *(SORT_BY_NAME(.fini_array.*))
 *(.fini_array*)
 .fini_array    0x08000d2c        0x4 C:/ST/STM32CubeIDE_1.17.0/STM32CubeIDE/plugins/com.st.stm32cube.ide.mcu.externaltools.gnu-tools-for-stm32.12.3.rel1.win32_1.1.0.202410251130/tools/bin/../lib/gcc/arm-none-eabi/12.3.1/thumb/v7e-m+fp/hard/crtbegin.o
                [!provide]                        PROVIDE (__fini_array_end = .)
                0x08000d30                        . = ALIGN (0x4)
                0x08000d30                        _sidata = LOADADDR (.data)

.rel.dyn        0x08000d30        0x0
 .rel.iplt      0x08000d30        0x0 C:/ST/STM32CubeIDE_1.17.0/STM32CubeIDE/plugins/com.st.stm32cube.ide.mcu.externaltools.gnu-tools-for-stm32.12.3.rel1.win32_1.1.0.202410251130/tools/bin/../lib/gcc/arm-none-eabi/12.3.1/thumb/v7e-m+fp/hard/crtbegin.o

.data           0x20000000       0x94 load address 0x08000d30
                0x20000000                        . = ALIGN (0x4)
                0x20000000                        _sdata = .
 *(.data)
 *(.data*)
 .data.USART1_PORT
                0x20000000       0x40 ./Src/serial.o
                0x20000000                USART1_PORT
 .data.led_state
                0x20000040        0x1 ./Src/set_get_leds.o
 *fill*         0x20000041        0x3 
 .data._impure_ptr
                0x20000044        0x4 C:/ST/STM32CubeIDE_1.17.0/STM32CubeIDE/plugins/com.st.stm32cube.ide.mcu.externaltools.gnu-tools-for-stm32.12.3.rel1.win32_1.1.0.202410251130/tools/bin/../lib/gcc/arm-none-eabi/12.3.1/../../../../arm-none-eabi/lib/thumb/v7e-m+fp/hard\libc_nano.a(libc_a-impure.o)
                0x20000044                _impure_ptr
 .data._impure_data
                0x20000048       0x4c C:/ST/STM32CubeIDE_1.17.0/STM32CubeIDE/plugins/com.st.stm32cube.ide.mcu.externaltools.gnu-tools-for-stm32.12.3.rel1.win32_1.1.0.202410251130/tools/bin/../lib/gcc/arm-none-eabi/12.3.1/../../../../arm-none-eabi/lib/thumb/v7e-m+fp/hard\libc_nano.a(libc_a-impure.o)
                0x20000048                _impure_data
 *(.RamFunc)
 *(.RamFunc*)
                0x20000094                        . = ALIGN (0x4)
                0x20000094                        _edata = .
                0x08000dc4                        _siccmram = LOADADDR (.ccmram)

.igot.plt       0x20000094        0x0 load address 0x08000dc4
 .igot.plt      0x20000094        0x0 C:/ST/STM32CubeIDE_1.17.0/STM32CubeIDE/plugins/com.st.stm32cube.ide.mcu.externaltools.gnu-tools-for-stm32.12.3.rel1.win32_1.1.0.202410251130/tools/bin/../lib/gcc/arm-none-eabi/12.3.1/thumb/v7e-m+fp/hard/crtbegin.o

.ccmram         0x10000000        0x0 load address 0x08000dc4
                0x10000000                        . = ALIGN (0x4)
                0x10000000                        _sccmram = .
 *(.ccmram)
 *(.ccmram*)
                0x10000000                        . = ALIGN (0x4)
                0x10000000                        _eccmram = .
                0x10000000                        . = ALIGN (0x4)

.bss            0x20000094      0x170
                0x20000094                        _sbss = .
                0x20000094                        __bss_start__ = _sbss
 *(.bss)
 .bss           0x20000094       0x1c C:/ST/STM32CubeIDE_1.17.0/STM32CubeIDE/plugins/com.st.stm32cube.ide.mcu.externaltools.gnu-tools-for-stm32.12.3.rel1.win32_1.1.0.202410251130/tools/bin/../lib/gcc/arm-none-eabi/12.3.1/thumb/v7e-m+fp/hard/crtbegin.o
 *(.bss*)
 .bss.__sbrk_heap_end
                0x200000b0        0x4 ./Src/sysmem.o
 .bss.timer_callback
                0x200000b4        0x4 ./Src/timers.o
 .bss.oneshot_enabled
                0x200000b8        0x1 ./Src/timers.o
 .bss.led_state.0
                0x200000b9        0x1 ./Src/timers.o
 *fill*         0x200000ba        0x2 
 .bss.__malloc_sbrk_start
                0x200000bc        0x4 C:/ST/STM32CubeIDE_1.17.0/STM32CubeIDE/plugins/com.st.stm32cube.ide.mcu.externaltools.gnu-tools-for-stm32.12.3.rel1.win32_1.1.0.202410251130/tools/bin/../lib/gcc/arm-none-eabi/12.3.1/../../../../arm-none-eabi/lib/thumb/v7e-m+fp/hard\libc_nano.a(libc_a-mallocr.o)
                0x200000bc                __malloc_sbrk_start
 .bss.__malloc_free_list
                0x200000c0        0x4 C:/ST/STM32CubeIDE_1.17.0/STM32CubeIDE/plugins/com.st.stm32cube.ide.mcu.externaltools.gnu-tools-for-stm32.12.3.rel1.win32_1.1.0.202410251130/tools/bin/../lib/gcc/arm-none-eabi/12.3.1/../../../../arm-none-eabi/lib/thumb/v7e-m+fp/hard\libc_nano.a(libc_a-mallocr.o)
                0x200000c0                __malloc_free_list
 .bss.__sf      0x200000c4      0x138 C:/ST/STM32CubeIDE_1.17.0/STM32CubeIDE/plugins/com.st.stm32cube.ide.mcu.externaltools.gnu-tools-for-stm32.12.3.rel1.win32_1.1.0.202410251130/tools/bin/../lib/gcc/arm-none-eabi/12.3.1/../../../../arm-none-eabi/lib/thumb/v7e-m+fp/hard\libc_nano.a(libc_a-findfp.o)
                0x200000c4                __sf
 .bss.errno     0x200001fc        0x4 C:/ST/STM32CubeIDE_1.17.0/STM32CubeIDE/plugins/com.st.stm32cube.ide.mcu.externaltools.gnu-tools-for-stm32.12.3.rel1.win32_1.1.0.202410251130/tools/bin/../lib/gcc/arm-none-eabi/12.3.1/../../../../arm-none-eabi/lib/thumb/v7e-m+fp/hard\libc_nano.a(libc_a-reent.o)
                0x200001fc                errno
 .bss.__lock___malloc_recursive_mutex
                0x20000200        0x1 C:/ST/STM32CubeIDE_1.17.0/STM32CubeIDE/plugins/com.st.stm32cube.ide.mcu.externaltools.gnu-tools-for-stm32.12.3.rel1.win32_1.1.0.202410251130/tools/bin/../lib/gcc/arm-none-eabi/12.3.1/../../../../arm-none-eabi/lib/thumb/v7e-m+fp/hard\libc_nano.a(libc_a-lock.o)
                0x20000200                __lock___malloc_recursive_mutex
 *(COMMON)
                0x20000204                        . = ALIGN (0x4)
 *fill*         0x20000201        0x3 
                0x20000204                        _ebss = .
                0x20000204                        __bss_end__ = _ebss

._user_heap_stack
                0x20000204      0x604
                0x20000208                        . = ALIGN (0x8)
 *fill*         0x20000204        0x4 
                [!provide]                        PROVIDE (end = .)
                0x20000208                        PROVIDE (_end = .)
                0x20000408                        . = (. + _Min_Heap_Size)
 *fill*         0x20000208      0x200 
                0x20000808                        . = (. + _Min_Stack_Size)
 *fill*         0x20000408      0x400 
                0x20000808                        . = ALIGN (0x8)

/DISCARD/
 libc.a(*)
 libm.a(*)
 libgcc.a(*)

.ARM.attributes
                0x00000000       0x30
 *(.ARM.attributes)
 .ARM.attributes
                0x00000000       0x22 C:/ST/STM32CubeIDE_1.17.0/STM32CubeIDE/plugins/com.st.stm32cube.ide.mcu.externaltools.gnu-tools-for-stm32.12.3.rel1.win32_1.1.0.202410251130/tools/bin/../lib/gcc/arm-none-eabi/12.3.1/thumb/v7e-m+fp/hard/crti.o
 .ARM.attributes
                0x00000022       0x34 C:/ST/STM32CubeIDE_1.17.0/STM32CubeIDE/plugins/com.st.stm32cube.ide.mcu.externaltools.gnu-tools-for-stm32.12.3.rel1.win32_1.1.0.202410251130/tools/bin/../lib/gcc/arm-none-eabi/12.3.1/thumb/v7e-m+fp/hard/crtbegin.o
 .ARM.attributes
                0x00000056       0x34 ./Src/digital_IO.o
 .ARM.attributes
                0x0000008a       0x34 ./Src/main.o
 .ARM.attributes
                0x000000be       0x34 ./Src/parse.o
 .ARM.attributes
                0x000000f2       0x34 ./Src/serial.o
 .ARM.attributes
                0x00000126       0x34 ./Src/set_get_leds.o
 .ARM.attributes
                0x0000015a       0x34 ./Src/sysmem.o
 .ARM.attributes
                0x0000018e       0x34 ./Src/timers.o
 .ARM.attributes
                0x000001c2       0x21 ./Startup/startup_stm32f303vctx.o
 .ARM.attributes
                0x000001e3       0x34 C:/ST/STM32CubeIDE_1.17.0/STM32CubeIDE/plugins/com.st.stm32cube.ide.mcu.externaltools.gnu-tools-for-stm32.12.3.rel1.win32_1.1.0.202410251130/tools/bin/../lib/gcc/arm-none-eabi/12.3.1/../../../../arm-none-eabi/lib/thumb/v7e-m+fp/hard\libc_nano.a(libc_a-malloc.o)
 .ARM.attributes
                0x00000217       0x34 C:/ST/STM32CubeIDE_1.17.0/STM32CubeIDE/plugins/com.st.stm32cube.ide.mcu.externaltools.gnu-tools-for-stm32.12.3.rel1.win32_1.1.0.202410251130/tools/bin/../lib/gcc/arm-none-eabi/12.3.1/../../../../arm-none-eabi/lib/thumb/v7e-m+fp/hard\libc_nano.a(libc_a-mallocr.o)
 .ARM.attributes
                0x0000024b       0x34 C:/ST/STM32CubeIDE_1.17.0/STM32CubeIDE/plugins/com.st.stm32cube.ide.mcu.externaltools.gnu-tools-for-stm32.12.3.rel1.win32_1.1.0.202410251130/tools/bin/../lib/gcc/arm-none-eabi/12.3.1/../../../../arm-none-eabi/lib/thumb/v7e-m+fp/hard\libc_nano.a(libc_a-mlock.o)
 .ARM.attributes
                0x0000027f       0x34 C:/ST/STM32CubeIDE_1.17.0/STM32CubeIDE/plugins/com.st.stm32cube.ide.mcu.externaltools.gnu-tools-for-stm32.12.3.rel1.win32_1.1.0.202410251130/tools/bin/../lib/gcc/arm-none-eabi/12.3.1/../../../../arm-none-eabi/lib/thumb/v7e-m+fp/hard\libc_nano.a(libc_a-findfp.o)
 .ARM.attributes
                0x000002b3       0x34 C:/ST/STM32CubeIDE_1.17.0/STM32CubeIDE/plugins/com.st.stm32cube.ide.mcu.externaltools.gnu-tools-for-stm32.12.3.rel1.win32_1.1.0.202410251130/tools/bin/../lib/gcc/arm-none-eabi/12.3.1/../../../../arm-none-eabi/lib/thumb/v7e-m+fp/hard\libc_nano.a(libc_a-strncmp.o)
 .ARM.attributes
                0x000002e7       0x34 C:/ST/STM32CubeIDE_1.17.0/STM32CubeIDE/plugins/com.st.stm32cube.ide.mcu.externaltools.gnu-tools-for-stm32.12.3.rel1.win32_1.1.0.202410251130/tools/bin/../lib/gcc/arm-none-eabi/12.3.1/../../../../arm-none-eabi/lib/thumb/v7e-m+fp/hard\libc_nano.a(libc_a-reent.o)
 .ARM.attributes
                0x0000031b       0x34 C:/ST/STM32CubeIDE_1.17.0/STM32CubeIDE/plugins/com.st.stm32cube.ide.mcu.externaltools.gnu-tools-for-stm32.12.3.rel1.win32_1.1.0.202410251130/tools/bin/../lib/gcc/arm-none-eabi/12.3.1/../../../../arm-none-eabi/lib/thumb/v7e-m+fp/hard\libc_nano.a(libc_a-impure.o)
 .ARM.attributes
                0x0000034f       0x34 C:/ST/STM32CubeIDE_1.17.0/STM32CubeIDE/plugins/com.st.stm32cube.ide.mcu.externaltools.gnu-tools-for-stm32.12.3.rel1.win32_1.1.0.202410251130/tools/bin/../lib/gcc/arm-none-eabi/12.3.1/../../../../arm-none-eabi/lib/thumb/v7e-m+fp/hard\libc_nano.a(libc_a-sbrkr.o)
 .ARM.attributes
                0x00000383       0x34 C:/ST/STM32CubeIDE_1.17.0/STM32CubeIDE/plugins/com.st.stm32cube.ide.mcu.externaltools.gnu-tools-for-stm32.12.3.rel1.win32_1.1.0.202410251130/tools/bin/../lib/gcc/arm-none-eabi/12.3.1/../../../../arm-none-eabi/lib/thumb/v7e-m+fp/hard\libc_nano.a(libc_a-errno.o)
 .ARM.attributes
                0x000003b7       0x34 C:/ST/STM32CubeIDE_1.17.0/STM32CubeIDE/plugins/com.st.stm32cube.ide.mcu.externaltools.gnu-tools-for-stm32.12.3.rel1.win32_1.1.0.202410251130/tools/bin/../lib/gcc/arm-none-eabi/12.3.1/../../../../arm-none-eabi/lib/thumb/v7e-m+fp/hard\libc_nano.a(libc_a-init.o)
 .ARM.attributes
                0x000003eb       0x34 C:/ST/STM32CubeIDE_1.17.0/STM32CubeIDE/plugins/com.st.stm32cube.ide.mcu.externaltools.gnu-tools-for-stm32.12.3.rel1.win32_1.1.0.202410251130/tools/bin/../lib/gcc/arm-none-eabi/12.3.1/../../../../arm-none-eabi/lib/thumb/v7e-m+fp/hard\libc_nano.a(libc_a-lock.o)
 .ARM.attributes
                0x0000041f       0x22 C:/ST/STM32CubeIDE_1.17.0/STM32CubeIDE/plugins/com.st.stm32cube.ide.mcu.externaltools.gnu-tools-for-stm32.12.3.rel1.win32_1.1.0.202410251130/tools/bin/../lib/gcc/arm-none-eabi/12.3.1/thumb/v7e-m+fp/hard/crtn.o
OUTPUT(clab-integration.elf elf32-littlearm)
LOAD linker stubs
LOAD C:/ST/STM32CubeIDE_1.17.0/STM32CubeIDE/plugins/com.st.stm32cube.ide.mcu.externaltools.gnu-tools-for-stm32.12.3.rel1.win32_1.1.0.202410251130/tools/bin/../lib/gcc/arm-none-eabi/12.3.1/../../../../arm-none-eabi/lib/thumb/v7e-m+fp/hard\libc.a
LOAD C:/ST/STM32CubeIDE_1.17.0/STM32CubeIDE/plugins/com.st.stm32cube.ide.mcu.externaltools.gnu-tools-for-stm32.12.3.rel1.win32_1.1.0.202410251130/tools/bin/../lib/gcc/arm-none-eabi/12.3.1/../../../../arm-none-eabi/lib/thumb/v7e-m+fp/hard\libm.a
LOAD C:/ST/STM32CubeIDE_1.17.0/STM32CubeIDE/plugins/com.st.stm32cube.ide.mcu.externaltools.gnu-tools-for-stm32.12.3.rel1.win32_1.1.0.202410251130/tools/bin/../lib/gcc/arm-none-eabi/12.3.1/thumb/v7e-m+fp/hard\libgcc.a

.debug_info     0x00000000     0x226f
 .debug_info    0x00000000      0x2b6 ./Src/digital_IO.o
 .debug_info    0x000002b6      0x3c7 ./Src/main.o
 .debug_info    0x0000067d      0x4d5 ./Src/parse.o
 .debug_info    0x00000b52      0xb39 ./Src/serial.o
 .debug_info    0x0000168b      0x19e ./Src/set_get_leds.o
 .debug_info    0x00001829      0x168 ./Src/sysmem.o
 .debug_info    0x00001991      0x8ae ./Src/timers.o
 .debug_info    0x0000223f       0x30 ./Startup/startup_stm32f303vctx.o

.debug_abbrev   0x00000000      0xaa7
 .debug_abbrev  0x00000000      0x125 ./Src/digital_IO.o
 .debug_abbrev  0x00000125      0x145 ./Src/main.o
 .debug_abbrev  0x0000026a      0x1cf ./Src/parse.o
 .debug_abbrev  0x00000439      0x25c ./Src/serial.o
 .debug_abbrev  0x00000695       0xf0 ./Src/set_get_leds.o
 .debug_abbrev  0x00000785       0xbc ./Src/sysmem.o
 .debug_abbrev  0x00000841      0x242 ./Src/timers.o
 .debug_abbrev  0x00000a83       0x24 ./Startup/startup_stm32f303vctx.o

.debug_aranges  0x00000000      0x1b0
 .debug_aranges
                0x00000000       0x30 ./Src/digital_IO.o
 .debug_aranges
                0x00000030       0x20 ./Src/main.o
 .debug_aranges
                0x00000050       0x20 ./Src/parse.o
 .debug_aranges
                0x00000070       0x58 ./Src/serial.o
 .debug_aranges
                0x000000c8       0x28 ./Src/set_get_leds.o
 .debug_aranges
                0x000000f0       0x20 ./Src/sysmem.o
 .debug_aranges
                0x00000110       0x78 ./Src/timers.o
 .debug_aranges
                0x00000188       0x28 ./Startup/startup_stm32f303vctx.o

.debug_rnglists
                0x00000000      0x11f
 .debug_rnglists
                0x00000000       0x1f ./Src/digital_IO.o
 .debug_rnglists
                0x0000001f       0x13 ./Src/main.o
 .debug_rnglists
                0x00000032       0x14 ./Src/parse.o
 .debug_rnglists
                0x00000046       0x3f ./Src/serial.o
 .debug_rnglists
                0x00000085       0x19 ./Src/set_get_leds.o
 .debug_rnglists
                0x0000009e       0x13 ./Src/sysmem.o
 .debug_rnglists
                0x000000b1       0x55 ./Src/timers.o
 .debug_rnglists
                0x00000106       0x19 ./Startup/startup_stm32f303vctx.o

.debug_macro    0x00000000    0x16375
 .debug_macro   0x00000000       0xd3 ./Src/digital_IO.o
 .debug_macro   0x000000d3      0xac0 ./Src/digital_IO.o
 .debug_macro   0x00000b93       0x22 ./Src/digital_IO.o
 .debug_macro   0x00000bb5       0x8e ./Src/digital_IO.o
 .debug_macro   0x00000c43       0x51 ./Src/digital_IO.o
 .debug_macro   0x00000c94      0x103 ./Src/digital_IO.o
 .debug_macro   0x00000d97       0x6a ./Src/digital_IO.o
 .debug_macro   0x00000e01      0x1df ./Src/digital_IO.o
 .debug_macro   0x00000fe0       0x28 ./Src/digital_IO.o
 .debug_macro   0x00001008       0x1c ./Src/digital_IO.o
 .debug_macro   0x00001024       0x22 ./Src/digital_IO.o
 .debug_macro   0x00001046       0xd9 ./Src/digital_IO.o
 .debug_macro   0x0000111f     0x102d ./Src/digital_IO.o
 .debug_macro   0x0000214c      0x11f ./Src/digital_IO.o
 .debug_macro   0x0000226b    0x12a3a ./Src/digital_IO.o
 .debug_macro   0x00014ca5      0x24b ./Src/main.o
 .debug_macro   0x00014ef0       0x2a ./Src/main.o
 .debug_macro   0x00014f1a       0x61 ./Src/main.o
 .debug_macro   0x00014f7b       0x43 ./Src/main.o
 .debug_macro   0x00014fbe       0x34 ./Src/main.o
 .debug_macro   0x00014ff2       0x16 ./Src/main.o
 .debug_macro   0x00015008      0x11c ./Src/main.o
 .debug_macro   0x00015124       0x94 ./Src/main.o
 .debug_macro   0x000151b8       0x16 ./Src/main.o
 .debug_macro   0x000151ce       0x43 ./Src/main.o
 .debug_macro   0x00015211       0x34 ./Src/main.o
 .debug_macro   0x00015245       0x10 ./Src/main.o
 .debug_macro   0x00015255       0x58 ./Src/main.o
 .debug_macro   0x000152ad       0x8e ./Src/main.o
 .debug_macro   0x0001533b       0x1c ./Src/main.o
 .debug_macro   0x00015357      0x177 ./Src/main.o
 .debug_macro   0x000154ce      0x369 ./Src/main.o
 .debug_macro   0x00015837       0x16 ./Src/main.o
 .debug_macro   0x0001584d       0x29 ./Src/main.o
 .debug_macro   0x00015876       0x22 ./Src/main.o
 .debug_macro   0x00015898       0x1c ./Src/main.o
 .debug_macro   0x000158b4       0x35 ./Src/main.o
 .debug_macro   0x000158e9       0x10 ./Src/main.o
 .debug_macro   0x000158f9       0x1c ./Src/main.o
 .debug_macro   0x00015915       0x16 ./Src/main.o
 .debug_macro   0x0001592b      0x146 ./Src/main.o
 .debug_macro   0x00015a71       0x16 ./Src/main.o
 .debug_macro   0x00015a87       0x20 ./Src/main.o
 .debug_macro   0x00015aa7      0x24b ./Src/parse.o
 .debug_macro   0x00015cf2      0x1ad ./Src/serial.o
 .debug_macro   0x00015e9f       0xc9 ./Src/set_get_leds.o
 .debug_macro   0x00015f68       0xff ./Src/sysmem.o
 .debug_macro   0x00016067      0x23c ./Src/sysmem.o
 .debug_macro   0x000162a3       0xd2 ./Src/timers.o

.debug_line     0x00000000     0x2cc0
 .debug_line    0x00000000      0x504 ./Src/digital_IO.o
 .debug_line    0x00000504      0x68c ./Src/main.o
 .debug_line    0x00000b90      0x6fe ./Src/parse.o
 .debug_line    0x0000128e      0x8c5 ./Src/serial.o
 .debug_line    0x00001b53      0x4b8 ./Src/set_get_leds.o
 .debug_line    0x0000200b      0x574 ./Src/sysmem.o
 .debug_line    0x0000257f      0x6c6 ./Src/timers.o
 .debug_line    0x00002c45       0x7b ./Startup/startup_stm32f303vctx.o

.debug_str      0x00000000    0x76ad0
 .debug_str     0x00000000    0x721d1 ./Src/digital_IO.o
                              0x7236c (size before relaxing)
 .debug_str     0x000721d1     0x3d3e ./Src/main.o
                              0x76091 (size before relaxing)
 .debug_str     0x00075f0f       0xe4 ./Src/parse.o
                              0x76133 (size before relaxing)
 .debug_str     0x00075ff3      0x4b6 ./Src/serial.o
                              0x75fd5 (size before relaxing)
 .debug_str     0x000764a9       0x24 ./Src/set_get_leds.o
                              0x722c9 (size before relaxing)
 .debug_str     0x000764cd      0x4d7 ./Src/sysmem.o
                               0x60e6 (size before relaxing)
 .debug_str     0x000769a4       0xed ./Src/timers.o
                              0x72c7d (size before relaxing)
 .debug_str     0x00076a91       0x3f ./Startup/startup_stm32f303vctx.o
                                 0x83 (size before relaxing)

.comment        0x00000000       0x43
 .comment       0x00000000       0x43 ./Src/digital_IO.o
                                 0x44 (size before relaxing)
 .comment       0x00000043       0x44 ./Src/main.o
 .comment       0x00000043       0x44 ./Src/parse.o
 .comment       0x00000043       0x44 ./Src/serial.o
 .comment       0x00000043       0x44 ./Src/set_get_leds.o
 .comment       0x00000043       0x44 ./Src/sysmem.o
 .comment       0x00000043       0x44 ./Src/timers.o

.debug_frame    0x00000000      0x7dc
 .debug_frame   0x00000000       0x80 ./Src/digital_IO.o
 .debug_frame   0x00000080       0x2c ./Src/main.o
 .debug_frame   0x000000ac       0x34 ./Src/parse.o
 .debug_frame   0x000000e0      0x134 ./Src/serial.o
 .debug_frame   0x00000214       0x58 ./Src/set_get_leds.o
 .debug_frame   0x0000026c       0x34 ./Src/sysmem.o
 .debug_frame   0x000002a0      0x1c0 ./Src/timers.o
 .debug_frame   0x00000460       0x30 C:/ST/STM32CubeIDE_1.17.0/STM32CubeIDE/plugins/com.st.stm32cube.ide.mcu.externaltools.gnu-tools-for-stm32.12.3.rel1.win32_1.1.0.202410251130/tools/bin/../lib/gcc/arm-none-eabi/12.3.1/../../../../arm-none-eabi/lib/thumb/v7e-m+fp/hard\libc_nano.a(libc_a-malloc.o)
 .debug_frame   0x00000490       0x50 C:/ST/STM32CubeIDE_1.17.0/STM32CubeIDE/plugins/com.st.stm32cube.ide.mcu.externaltools.gnu-tools-for-stm32.12.3.rel1.win32_1.1.0.202410251130/tools/bin/../lib/gcc/arm-none-eabi/12.3.1/../../../../arm-none-eabi/lib/thumb/v7e-m+fp/hard\libc_nano.a(libc_a-mallocr.o)
 .debug_frame   0x000004e0       0x30 C:/ST/STM32CubeIDE_1.17.0/STM32CubeIDE/plugins/com.st.stm32cube.ide.mcu.externaltools.gnu-tools-for-stm32.12.3.rel1.win32_1.1.0.202410251130/tools/bin/../lib/gcc/arm-none-eabi/12.3.1/../../../../arm-none-eabi/lib/thumb/v7e-m+fp/hard\libc_nano.a(libc_a-mlock.o)
 .debug_frame   0x00000510      0x144 C:/ST/STM32CubeIDE_1.17.0/STM32CubeIDE/plugins/com.st.stm32cube.ide.mcu.externaltools.gnu-tools-for-stm32.12.3.rel1.win32_1.1.0.202410251130/tools/bin/../lib/gcc/arm-none-eabi/12.3.1/../../../../arm-none-eabi/lib/thumb/v7e-m+fp/hard\libc_nano.a(libc_a-findfp.o)
 .debug_frame   0x00000654       0x28 C:/ST/STM32CubeIDE_1.17.0/STM32CubeIDE/plugins/com.st.stm32cube.ide.mcu.externaltools.gnu-tools-for-stm32.12.3.rel1.win32_1.1.0.202410251130/tools/bin/../lib/gcc/arm-none-eabi/12.3.1/../../../../arm-none-eabi/lib/thumb/v7e-m+fp/hard\libc_nano.a(libc_a-strncmp.o)
 .debug_frame   0x0000067c       0x38 C:/ST/STM32CubeIDE_1.17.0/STM32CubeIDE/plugins/com.st.stm32cube.ide.mcu.externaltools.gnu-tools-for-stm32.12.3.rel1.win32_1.1.0.202410251130/tools/bin/../lib/gcc/arm-none-eabi/12.3.1/../../../../arm-none-eabi/lib/thumb/v7e-m+fp/hard\libc_nano.a(libc_a-reent.o)
 .debug_frame   0x000006b4       0x2c C:/ST/STM32CubeIDE_1.17.0/STM32CubeIDE/plugins/com.st.stm32cube.ide.mcu.externaltools.gnu-tools-for-stm32.12.3.rel1.win32_1.1.0.202410251130/tools/bin/../lib/gcc/arm-none-eabi/12.3.1/../../../../arm-none-eabi/lib/thumb/v7e-m+fp/hard\libc_nano.a(libc_a-sbrkr.o)
 .debug_frame   0x000006e0       0x20 C:/ST/STM32CubeIDE_1.17.0/STM32CubeIDE/plugins/com.st.stm32cube.ide.mcu.externaltools.gnu-tools-for-stm32.12.3.rel1.win32_1.1.0.202410251130/tools/bin/../lib/gcc/arm-none-eabi/12.3.1/../../../../arm-none-eabi/lib/thumb/v7e-m+fp/hard\libc_nano.a(libc_a-errno.o)
 .debug_frame   0x00000700       0x2c C:/ST/STM32CubeIDE_1.17.0/STM32CubeIDE/plugins/com.st.stm32cube.ide.mcu.externaltools.gnu-tools-for-stm32.12.3.rel1.win32_1.1.0.202410251130/tools/bin/../lib/gcc/arm-none-eabi/12.3.1/../../../../arm-none-eabi/lib/thumb/v7e-m+fp/hard\libc_nano.a(libc_a-init.o)
 .debug_frame   0x0000072c       0xb0 C:/ST/STM32CubeIDE_1.17.0/STM32CubeIDE/plugins/com.st.stm32cube.ide.mcu.externaltools.gnu-tools-for-stm32.12.3.rel1.win32_1.1.0.202410251130/tools/bin/../lib/gcc/arm-none-eabi/12.3.1/../../../../arm-none-eabi/lib/thumb/v7e-m+fp/hard\libc_nano.a(libc_a-lock.o)

.debug_line_str
                0x00000000       0x67
 .debug_line_str
                0x00000000       0x67 ./Startup/startup_stm32f303vctx.o
