/Users/nadeen/Downloads/MTRX2700-2025-main/stm32f303-definitions/Core/Inc/core_cm4.h:1688:22:__NVIC_EnableIRQ	16	static
/Users/nadeen/Downloads/MTRX2700-2025-main/stm32f303-definitions/Core/Inc/core_cm4.h:1816:22:__NVIC_SetPriority	16	static
../Src/digital_IO.c:15:6:enable_clocks	4	static
../Src/digital_IO.c:23:6:initialise_board	16	static
../Src/digital_IO.c:30:6:enable_interrupt	8	static,ignoring_inline_asm
../Src/digital_IO.c:58:6:EXTI0_IRQHandler	8	static
../Src/digital_IO.c:72:6:digital_io	16	static
../Src/digital_IO.c:81:6:chase_led	4	static
../Src/digital_IO.c:93:9:get_led_state	4	static
../Src/digital_IO.c:98:6:set_led_state	16	static
