Archive member included to satisfy reference by file (symbol)

C:/ST/STM32CubeIDE_1.17.0/STM32CubeIDE/plugins/com.st.stm32cube.ide.mcu.externaltools.gnu-tools-for-stm32.12.3.rel1.win32_1.1.0.202410251130/tools/bin/../lib/gcc/arm-none-eabi/12.3.1/../../../../arm-none-eabi/lib/thumb/v7e-m+fp/hard\libc_nano.a(libc_a-exit.o)
                              C:/ST/STM32CubeIDE_1.17.0/STM32CubeIDE/plugins/com.st.stm32cube.ide.mcu.externaltools.gnu-tools-for-stm32.12.3.rel1.win32_1.1.0.202410251130/tools/bin/../lib/gcc/arm-none-eabi/12.3.1/../../../../arm-none-eabi/lib/thumb/v7e-m+fp/hard/crt0.o (exit)
C:/ST/STM32CubeIDE_1.17.0/STM32CubeIDE/plugins/com.st.stm32cube.ide.mcu.externaltools.gnu-tools-for-stm32.12.3.rel1.win32_1.1.0.202410251130/tools/bin/../lib/gcc/arm-none-eabi/12.3.1/../../../../arm-none-eabi/lib/thumb/v7e-m+fp/hard\libc_nano.a(libc_a-malloc.o)
                              ./Src/serial.o (malloc)
C:/ST/STM32CubeIDE_1.17.0/STM32CubeIDE/plugins/com.st.stm32cube.ide.mcu.externaltools.gnu-tools-for-stm32.12.3.rel1.win32_1.1.0.202410251130/tools/bin/../lib/gcc/arm-none-eabi/12.3.1/../../../../arm-none-eabi/lib/thumb/v7e-m+fp/hard\libc_nano.a(libc_a-mallocr.o)
                              C:/ST/STM32CubeIDE_1.17.0/STM32CubeIDE/plugins/com.st.stm32cube.ide.mcu.externaltools.gnu-tools-for-stm32.12.3.rel1.win32_1.1.0.202410251130/tools/bin/../lib/gcc/arm-none-eabi/12.3.1/../../../../arm-none-eabi/lib/thumb/v7e-m+fp/hard\libc_nano.a(libc_a-malloc.o) (_malloc_r)
C:/ST/STM32CubeIDE_1.17.0/STM32CubeIDE/plugins/com.st.stm32cube.ide.mcu.externaltools.gnu-tools-for-stm32.12.3.rel1.win32_1.1.0.202410251130/tools/bin/../lib/gcc/arm-none-eabi/12.3.1/../../../../arm-none-eabi/lib/thumb/v7e-m+fp/hard\libc_nano.a(libc_a-mlock.o)
                              C:/ST/STM32CubeIDE_1.17.0/STM32CubeIDE/plugins/com.st.stm32cube.ide.mcu.externaltools.gnu-tools-for-stm32.12.3.rel1.win32_1.1.0.202410251130/tools/bin/../lib/gcc/arm-none-eabi/12.3.1/../../../../arm-none-eabi/lib/thumb/v7e-m+fp/hard\libc_nano.a(libc_a-mallocr.o) (__malloc_lock)
C:/ST/STM32CubeIDE_1.17.0/STM32CubeIDE/plugins/com.st.stm32cube.ide.mcu.externaltools.gnu-tools-for-stm32.12.3.rel1.win32_1.1.0.202410251130/tools/bin/../lib/gcc/arm-none-eabi/12.3.1/../../../../arm-none-eabi/lib/thumb/v7e-m+fp/hard\libc_nano.a(libc_a-findfp.o)
                              C:/ST/STM32CubeIDE_1.17.0/STM32CubeIDE/plugins/com.st.stm32cube.ide.mcu.externaltools.gnu-tools-for-stm32.12.3.rel1.win32_1.1.0.202410251130/tools/bin/../lib/gcc/arm-none-eabi/12.3.1/../../../../arm-none-eabi/lib/thumb/v7e-m+fp/hard\libc_nano.a(libc_a-exit.o) (__stdio_exit_handler)
C:/ST/STM32CubeIDE_1.17.0/STM32CubeIDE/plugins/com.st.stm32cube.ide.mcu.externaltools.gnu-tools-for-stm32.12.3.rel1.win32_1.1.0.202410251130/tools/bin/../lib/gcc/arm-none-eabi/12.3.1/../../../../arm-none-eabi/lib/thumb/v7e-m+fp/hard\libc_nano.a(libc_a-fwalk.o)
                              C:/ST/STM32CubeIDE_1.17.0/STM32CubeIDE/plugins/com.st.stm32cube.ide.mcu.externaltools.gnu-tools-for-stm32.12.3.rel1.win32_1.1.0.202410251130/tools/bin/../lib/gcc/arm-none-eabi/12.3.1/../../../../arm-none-eabi/lib/thumb/v7e-m+fp/hard\libc_nano.a(libc_a-findfp.o) (_fwalk_sglue)
C:/ST/STM32CubeIDE_1.17.0/STM32CubeIDE/plugins/com.st.stm32cube.ide.mcu.externaltools.gnu-tools-for-stm32.12.3.rel1.win32_1.1.0.202410251130/tools/bin/../lib/gcc/arm-none-eabi/12.3.1/../../../../arm-none-eabi/lib/thumb/v7e-m+fp/hard\libc_nano.a(libc_a-stdio.o)
                              C:/ST/STM32CubeIDE_1.17.0/STM32CubeIDE/plugins/com.st.stm32cube.ide.mcu.externaltools.gnu-tools-for-stm32.12.3.rel1.win32_1.1.0.202410251130/tools/bin/../lib/gcc/arm-none-eabi/12.3.1/../../../../arm-none-eabi/lib/thumb/v7e-m+fp/hard\libc_nano.a(libc_a-findfp.o) (__sread)
C:/ST/STM32CubeIDE_1.17.0/STM32CubeIDE/plugins/com.st.stm32cube.ide.mcu.externaltools.gnu-tools-for-stm32.12.3.rel1.win32_1.1.0.202410251130/tools/bin/../lib/gcc/arm-none-eabi/12.3.1/../../../../arm-none-eabi/lib/thumb/v7e-m+fp/hard\libc_nano.a(libc_a-memset.o)
                              C:/ST/STM32CubeIDE_1.17.0/STM32CubeIDE/plugins/com.st.stm32cube.ide.mcu.externaltools.gnu-tools-for-stm32.12.3.rel1.win32_1.1.0.202410251130/tools/bin/../lib/gcc/arm-none-eabi/12.3.1/../../../../arm-none-eabi/lib/thumb/v7e-m+fp/hard/crt0.o (memset)
C:/ST/STM32CubeIDE_1.17.0/STM32CubeIDE/plugins/com.st.stm32cube.ide.mcu.externaltools.gnu-tools-for-stm32.12.3.rel1.win32_1.1.0.202410251130/tools/bin/../lib/gcc/arm-none-eabi/12.3.1/../../../../arm-none-eabi/lib/thumb/v7e-m+fp/hard\libc_nano.a(libc_a-strncmp.o)
                              ./Src/parse.o (strncmp)
C:/ST/STM32CubeIDE_1.17.0/STM32CubeIDE/plugins/com.st.stm32cube.ide.mcu.externaltools.gnu-tools-for-stm32.12.3.rel1.win32_1.1.0.202410251130/tools/bin/../lib/gcc/arm-none-eabi/12.3.1/../../../../arm-none-eabi/lib/thumb/v7e-m+fp/hard\libc_nano.a(libc_a-closer.o)
[...]
Memory Configuration

Name             Origin             Length             Attributes
CCMRAM           0x10000000         0x00002000         xrw
RAM              0x20000000         0x0000a000         xrw
FLASH            0x08000000         0x00040000         xr
*default*        0x00000000         0xffffffff

Linker script and memory map

LOAD C:/ST/STM32CubeIDE_1.17.0/STM32CubeIDE/plugins/com.st.stm32cube.ide.mcu.externaltools.gnu-tools-for-stm32.12.3.rel1.win32_1.1.0.202410251130/tools/bin/../lib/gcc/arm-none-eabi/12.3.1/thumb/v7e-m+fp/hard/crti.o
LOAD C:/ST/STM32CubeIDE_1.17.0/STM32CubeIDE/plugins/com.st.stm32cube.ide.mcu.externaltools.gnu-tools-for-stm32.12.3.rel1.win32_1.1.0.202410251130/tools/bin/../lib/gcc/arm-none-eabi/12.3.1/thumb/v7e-m+fp/hard/crtbegin.o
LOAD C:/ST/STM32CubeIDE_1.17.0/STM32CubeIDE/plugins/com.st.stm32cube.ide.mcu.externaltools.gnu-tools-for-stm32.12.3.rel1.win32_1.1.0.202410251130/tools/bin/../lib/gcc/arm-none-eabi/12.3.1/../../../../arm-none-eabi/lib/thumb/v7e-m+fp/hard/crt0.o
LOAD ./Src/digital_IO.o
LOAD ./Src/interrupts.o
LOAD ./Src/main.o
LOAD ./Src/parse.o
LOAD ./Src/serial.o
LOAD ./Src/set_get_leds.o
LOAD ./Src/syscalls.o
LOAD ./Src/sysmem.o
LOAD ./Startup/startup_stm32f303vctx.o
START GROUP
LOAD C:/ST/STM32CubeIDE_1.17.0/STM32CubeIDE/plugins/com.st.stm32cube.ide.mcu.externaltools.gnu-tools-for-stm32.12.3.rel1.win32_1.1.0.202410251130/tools/bin/../lib/gcc/arm-none-eabi/12.3.1/../../../../arm-none-eabi/lib/thumb/v7e-m+fp/hard\libc_nano.a
LOAD C:/ST/STM32CubeIDE_1.17.0/STM32CubeIDE/plugins/com.st.stm32cube.ide.mcu.externaltools.gnu-tools-for-stm32.12.3.rel1.win32_1.1.0.202410251130/tools/bin/../lib/gcc/arm-none-eabi/12.3.1/../../../../arm-none-eabi/lib/thumb/v7e-m+fp/hard\libm.a
END GROUP
START GROUP
LOAD C:/ST/STM32CubeIDE_1.17.0/STM32CubeIDE/plugins/com.st.stm32cube.ide.mcu.externaltools.gnu-tools-for-stm32.12.3.rel1.win32_1.1.0.202410251130/tools/bin/../lib/gcc/arm-none-eabi/12.3.1/thumb/v7e-m+fp/hard\libgcc.a
LOAD C:/ST/STM32CubeIDE_1.17.0/STM32CubeIDE/plugins/com.st.stm32cube.ide.mcu.externaltools.gnu-tools-for-stm32.12.3.rel1.win32_1.1.0.202410251130/tools/bin/../lib/gcc/arm-none-eabi/12.3.1/../../../../arm-none-eabi/lib/thumb/v7e-m+fp/hard\libc_nano.a
END GROUP
START GROUP
LOAD C:/ST/STM32CubeIDE_1.17.0/STM32CubeIDE/plugins/com.st.stm32cube.ide.mcu.externaltools.gnu-tools-for-stm32.12.3.rel1.win32_1.1.0.202410251130/tools/bin/../lib/gcc/arm-none-eabi/12.3.1/thumb/v7e-m+fp/hard\libgcc.a
LOAD C:/ST/STM32CubeIDE_1.17.0/STM32CubeIDE/plugins/com.st.stm32cube.ide.mcu.externaltools.gnu-tools-for-stm32.12.3.rel1.win32_1.1.0.202410251130/tools/bin/../lib/gcc/arm-none-eabi/12.3.1/../../../../arm-none-eabi/lib/thumb/v7e-m+fp/hard\libc_nano.a
LOAD C:/ST/STM32CubeIDE_1.17.0/STM32CubeIDE/plugins/com.st.stm32cube.ide.mcu.externaltools.gnu-tools-for-stm32.12.3.rel1.win32_1.1.0.202410251130/tools/bin/../lib/gcc/arm-none-eabi/12.3.1/../../../../arm-none-eabi/lib/thumb/v7e-m+fp/hard\libnosys.a
END GROUP
START GROUP
LOAD C:/ST/STM32CubeIDE_1.17.0/STM32CubeIDE/plugins/com.st.stm32cube.ide.mcu.externaltools.gnu-tools-for-stm32.12.3.rel1.win32_1.1.0.202410251130/tools/bin/../lib/gcc/arm-none-eabi/12.3.1/thumb/v7e-m+fp/hard\libgcc.a
LOAD C:/ST/STM32CubeIDE_1.17.0/STM32CubeIDE/plugins/com.st.stm32cube.ide.mcu.externaltools.gnu-tools-for-stm32.12.3.rel1.win32_1.1.0.202410251130/tools/bin/../lib/gcc/arm-none-eabi/12.3.1/../../../../arm-none-eabi/lib/thumb/v7e-m+fp/hard\libc_nano.a
LOAD C:/ST/STM32CubeIDE_1.17.0/STM32CubeIDE/plugins/com.st.stm32cube.ide.mcu.externaltools.gnu-tools-for-stm32.12.3.rel1.win32_1.1.0.202410251130/tools/bin/../lib/gcc/arm-none-eabi/12.3.1/../../../../arm-none-eabi/lib/thumb/v7e-m+fp/hard\libnosys.a
END GROUP
LOAD C:/ST/STM32CubeIDE_1.17.0/STM32CubeIDE/plugins/com.st.stm32cube.ide.mcu.externaltools.gnu-tools-for-stm32.12.3.rel1.win32_1.1.0.202410251130/tools/bin/../lib/gcc/arm-none-eabi/12.3.1/thumb/v7e-m+fp/hard/crtend.o
LOAD C:/ST/STM32CubeIDE_1.17.0/STM32CubeIDE/plugins/com.st.stm32cube.ide.mcu.externaltools.gnu-tools-for-stm32.12.3.rel1.win32_1.1.0.202410251130/tools/bin/../lib/gcc/arm-none-eabi/12.3.1/thumb/v7e-m+fp/hard/crtn.o
                0x2000a000                        _estack = (ORIGIN (RAM) + LENGTH (RAM))
                0x00000200                        _Min_Heap_Size = 0x200
                0x00000400                        _Min_Stack_Size = 0x400

.isr_vector     0x08000000      0x194
                0x08000000                        . = ALIGN (0x4)
 *(.isr_vector)
 .isr_vector    0x08000000      0x194 ./Startup/startup_stm32f303vctx.o
                0x08000000                g_pfnVectors
                0x08000194                        . = ALIGN (0x4)

.text           0x08000194      0x818
                0x08000194                        . = ALIGN (0x4)
 *(.text)
 .text          0x08000194       0x40 C:/ST/STM32CubeIDE_1.17.0/STM32CubeIDE/plugins/com.st.stm32cube.ide.mcu.externaltools.gnu-tools-for-stm32.12.3.rel1.win32_1.1.0.202410251130/tools/bin/../lib/gcc/arm-none-eabi/12.3.1/thumb/v7e-m+fp/hard/crtbegin.o
 *(.text*)
 .text.enable_clocks
                0x080001d4       0x20 ./Src/digital_IO.o
                0x080001d4                enable_clocks
 .text.initialise_board
                0x080001f4       0x24 ./Src/digital_IO.o
                0x080001f4                initialise_board
 .text.led_case
                0x08000218       0x52 ./Src/digital_IO.o
                0x08000218                led_case
 *fill*         0x0800026a        0x2 
 .text.USART1_EXTI25_IRQHandler
                0x0800026c       0x28 ./Src/interrupts.o
                0x0800026c                USART1_EXTI25_IRQHandler
 .text.rx_function
                0x08000294       0xd2 ./Src/interrupts.o
                0x08000294                rx_function
 .text.tx_enable
                0x08000366       0x48 ./Src/interrupts.o
                0x08000366                tx_enable
 .text.tx_string
                0x080003ae       0x20 ./Src/interrupts.o
                0x080003ae                tx_string
 .text.tx_function
                0x080003ce       0x44 ./Src/interrupts.o
                0x080003ce                tx_function
 *fill*         0x08000412        0x2 
 .text.main     0x08000414       0x1c ./Src/main.o
                0x08000414                main
 .text.parse_buffer
                0x08000430       0x70 ./Src/parse.o
                0x08000430                parse_buffer
 .text.__NVIC_EnableIRQ
                0x080004a0       0x3c ./Src/serial.o
 .text.__NVIC_SetPriority
                0x080004dc       0x54 ./Src/serial.o
 .text.SerialInitialise
                0x08000530      0x16c ./Src/serial.o
                0x08000530                SerialInitialise
 .text.set_led_state
                0x0800069c       0x30 ./Src/set_get_leds.o
                0x0800069c                set_led_state
 .text._sbrk    0x080006cc       0x6c ./Src/sysmem.o
                0x080006cc                _sbrk
 .text.Reset_Handler
                0x08000738       0x50 ./Startup/startup_stm32f303vctx.o
                0x08000738                Reset_Handler
 .text.Default_Handler
                0x08000788        0x2 ./Startup/startup_stm32f303vctx.o
                0x08000788                TIM8_TRG_COM_IRQHandler
                0x08000788                TIM8_CC_IRQHandler
                0x08000788                DebugMon_Handler
                0x08000788                DMA1_CH4_IRQHandler
                0x08000788                SPI4_IRQHandler
                0x08000788                TIM1_CC_IRQHandler
                0x08000788                HardFault_Handler
                0x08000788                USB_HP_IRQHandler
                0x08000788                I2C2_EV_EXTI24_IRQHandler
                0x08000788                SysTick_Handler
                0x08000788                USB_WKUP_EXTI_IRQHandler
                0x08000788                PVD_IRQHandler
                0x08000788                UART4_EXTI34_IRQHandler
                0x08000788                TAMP_STAMP_IRQHandler
                0x08000788                PendSV_Handler
                0x08000788                NMI_Handler
                0x08000788                EXTI3_IRQHandler
                0x08000788                I2C3_ER_IRQHandler
                0x08000788                TIM6_DACUNDER_IRQHandler
                0x08000788                USB_HP_CAN_TX_IRQHandler
                0x08000788                EXTI0_IRQHandler
                0x08000788                DMA2_CH1_IRQHandler
                0x08000788                TIM1_UP_TIM16_IRQHandler
                0x08000788                UsageFault_Handler
                0x08000788                ADC1_2_IRQHandler
                0x08000788                SPI1_IRQHandler
                0x08000788                CAN_SCE_IRQHandler
                0x08000788                DMA1_CH7_IRQHandler
                0x08000788                TIM8_UP_IRQHandler
                0x08000788                COMP456_IRQHandler
                0x08000788                DMA1_CH6_IRQHandler
                0x08000788                TIM20_TRG_COM_IRQHandler
                0x08000788                ADC3_IRQHandler
                0x08000788                TIM4_IRQHandler
                0x08000788                CAN_RX1_IRQHandler
                0x08000788                DMA2_CH5_IRQHandler
                0x08000788                I2C1_EV_EXTI23_IRQHandler
                0x08000788                DMA1_CH3_IRQHandler
                0x08000788                TIM3_IRQHandler
                0x08000788                RCC_IRQHandler
                0x08000788                TIM20_UP_IRQHandler
                0x08000788                Default_Handler
                0x08000788                EXTI15_10_IRQHandler
                0x08000788                USART2_EXTI26_IRQHandler
                0x08000788                USART3_EXTI28_IRQHandler
                0x08000788                TIM7_IRQHandler
                0x08000788                I2C3_EV_IRQHandler
                0x08000788                EXTI9_5_IRQHandler
                0x08000788                DMA1_CH2_IRQHandler
                0x08000788                RTC_WKUP_IRQHandler
                0x08000788                SPI2_IRQHandler
                0x08000788                DMA1_CH1_IRQHandler
                0x08000788                USB_LP_CAN_RX0_IRQHandler
                0x08000788                MemManage_Handler
                0x08000788                COMP123_IRQHandler
                0x08000788                SVC_Handler
                0x08000788                USB_LP_IRQHandler
                0x08000788                EXTI4_IRQHandler
                0x08000788                TIM1_TRG_COM_TIM17_IRQHandler
                0x08000788                ADC4_IRQHandler
                0x08000788                WWDG_IRQHandler
                0x08000788                TIM2_IRQHandler
                0x08000788                COMP7_IRQHandler
                0x08000788                EXTI1_IRQHandler
                0x08000788                RTCAlarm_IRQHandler
                0x08000788                UART5_EXTI35_IRQHandler
                0x08000788                TIM20_BRK_IRQHandler
                0x08000788                I2C2_ER_IRQHandler
                0x08000788                TIM8_BRK_IRQHandler
                0x08000788                FLASH_IRQHandler
                0x08000788                TIM20_CC_IRQHandler
                0x08000788                BusFault_Handler
                0x08000788                SPI3_IRQHandler
                0x08000788                DMA2_CH3_IRQHandler
                0x08000788                DMA2_CH2_IRQHandler
                0x08000788                I2C1_ER_IRQHandler
                0x08000788                FMC_IRQHandler
                0x08000788                DMA1_CH5_IRQHandler
                0x08000788                DMA2_CH4_IRQHandler
                0x08000788                USB_WKUP_IRQHandler
                0x08000788                EXTI2_TSC_IRQHandler
                0x08000788                TIM1_BRK_TIM15_IRQHandler
 *fill*         0x0800078a        0x2 
 .text.malloc   0x0800078c       0x10 C:/ST/STM32CubeIDE_1.17.0/STM32CubeIDE/plugins/com.st.stm32cube.ide.mcu.externaltools.gnu-tools-for-stm32.12.3.rel1.win32_1.1.0.202410251130/tools/bin/../lib/gcc/arm-none-eabi/12.3.1/../../../../arm-none-eabi/lib/thumb/v7e-m+fp/hard\libc_nano.a(libc_a-malloc.o)
                0x0800078c                malloc
 .text.sbrk_aligned
                0x0800079c       0x44 C:/ST/STM32CubeIDE_1.17.0/STM32CubeIDE/plugins/com.st.stm32cube.ide.mcu.externaltools.gnu-tools-for-stm32.12.3.rel1.win32_1.1.0.202410251130/tools/bin/../lib/gcc/arm-none-eabi/12.3.1/../../../../arm-none-eabi/lib/thumb/v7e-m+fp/hard\libc_nano.a(libc_a-mallocr.o)
 .text._malloc_r
                0x080007e0      0x100 C:/ST/STM32CubeIDE_1.17.0/STM32CubeIDE/plugins/com.st.stm32cube.ide.mcu.externaltools.gnu-tools-for-stm32.12.3.rel1.win32_1.1.0.202410251130/tools/bin/../lib/gcc/arm-none-eabi/12.3.1/../../../../arm-none-eabi/lib/thumb/v7e-m+fp/hard\libc_nano.a(libc_a-mallocr.o)
                0x080007e0                _malloc_r
 .text.__malloc_lock
                0x080008e0        0xc C:/ST/STM32CubeIDE_1.17.0/STM32CubeIDE/plugins/com.st.stm32cube.ide.mcu.externaltools.gnu-tools-for-stm32.12.3.rel1.win32_1.1.0.202410251130/tools/bin/../lib/gcc/arm-none-eabi/12.3.1/../../../../arm-none-eabi/lib/thumb/v7e-m+fp/hard\libc_nano.a(libc_a-mlock.o)
                0x080008e0                __malloc_lock
 .text.__malloc_unlock
                0x080008ec        0xc C:/ST/STM32CubeIDE_1.17.0/STM32CubeIDE/plugins/com.st.stm32cube.ide.mcu.externaltools.gnu-tools-for-stm32.12.3.rel1.win32_1.1.0.202410251130/tools/bin/../lib/gcc/arm-none-eabi/12.3.1/../../../../arm-none-eabi/lib/thumb/v7e-m+fp/hard\libc_nano.a(libc_a-mlock.o)
                0x080008ec                __malloc_unlock
 .text.strncmp  0x080008f8       0x24 C:/ST/STM32CubeIDE_1.17.0/STM32CubeIDE/plugins/com.st.stm32cube.ide.mcu.externaltools.gnu-tools-for-stm32.12.3.rel1.win32_1.1.0.202410251130/tools/bin/../lib/gcc/arm-none-eabi/12.3.1/../../../../arm-none-eabi/lib/thumb/v7e-m+fp/hard\libc_nano.a(libc_a-strncmp.o)
                0x080008f8                strncmp
 .text._sbrk_r  0x0800091c       0x20 C:/ST/STM32CubeIDE_1.17.0/STM32CubeIDE/plugins/com.st.stm32cube.ide.mcu.externaltools.gnu-tools-for-stm32.12.3.rel1.win32_1.1.0.202410251130/tools/bin/../lib/gcc/arm-none-eabi/12.3.1/../../../../arm-none-eabi/lib/thumb/v7e-m+fp/hard\libc_nano.a(libc_a-sbrkr.o)
                0x0800091c                _sbrk_r
 .text.__errno  0x0800093c        0xc C:/ST/STM32CubeIDE_1.17.0/STM32CubeIDE/plugins/com.st.stm32cube.ide.mcu.externaltools.gnu-tools-for-stm32.12.3.rel1.win32_1.1.0.202410251130/tools/bin/../lib/gcc/arm-none-eabi/12.3.1/../../../../arm-none-eabi/lib/thumb/v7e-m+fp/hard\libc_nano.a(libc_a-errno.o)
                0x0800093c                __errno
 .text.__libc_init_array
                0x08000948       0x48 C:/ST/STM32CubeIDE_1.17.0/STM32CubeIDE/plugins/com.st.stm32cube.ide.mcu.externaltools.gnu-tools-for-stm32.12.3.rel1.win32_1.1.0.202410251130/tools/bin/../lib/gcc/arm-none-eabi/12.3.1/../../../../arm-none-eabi/lib/thumb/v7e-m+fp/hard\libc_nano.a(libc_a-init.o)
                0x08000948                __libc_init_array
 .text.__retarget_lock_acquire_recursive
                0x08000990        0x2 C:/ST/STM32CubeIDE_1.17.0/STM32CubeIDE/plugins/com.st.stm32cube.ide.mcu.externaltools.gnu-tools-for-stm32.12.3.rel1.win32_1.1.0.202410251130/tools/bin/../lib/gcc/arm-none-eabi/12.3.1/../../../../arm-none-eabi/lib/thumb/v7e-m+fp/hard\libc_nano.a(libc_a-lock.o)
                0x08000990                __retarget_lock_acquire_recursive
 .text.__retarget_lock_release_recursive
                0x08000992        0x2 C:/ST/STM32CubeIDE_1.17.0/STM32CubeIDE/plugins/com.st.stm32cube.ide.mcu.externaltools.gnu-tools-for-stm32.12.3.rel1.win32_1.1.0.202410251130/tools/bin/../lib/gcc/arm-none-eabi/12.3.1/../../../../arm-none-eabi/lib/thumb/v7e-m+fp/hard\libc_nano.a(libc_a-lock.o)
                0x08000992                __retarget_lock_release_recursive
 *(.glue_7)
 .glue_7        0x08000994        0x0 linker stubs
 *(.glue_7t)
 .glue_7t       0x08000994        0x0 linker stubs
 *(.eh_frame)
 .eh_frame      0x08000994        0x0 C:/ST/STM32CubeIDE_1.17.0/STM32CubeIDE/plugins/com.st.stm32cube.ide.mcu.externaltools.gnu-tools-for-stm32.12.3.rel1.win32_1.1.0.202410251130/tools/bin/../lib/gcc/arm-none-eabi/12.3.1/thumb/v7e-m+fp/hard/crtbegin.o
 *(.init)
 .init          0x08000994        0x4 C:/ST/STM32CubeIDE_1.17.0/STM32CubeIDE/plugins/com.st.stm32cube.ide.mcu.externaltools.gnu-tools-for-stm32.12.3.rel1.win32_1.1.0.202410251130/tools/bin/../lib/gcc/arm-none-eabi/12.3.1/thumb/v7e-m+fp/hard/crti.o
                0x08000994                _init
 .init          0x08000998        0x8 C:/ST/STM32CubeIDE_1.17.0/STM32CubeIDE/plugins/com.st.stm32cube.ide.mcu.externaltools.gnu-tools-for-stm32.12.3.rel1.win32_1.1.0.202410251130/tools/bin/../lib/gcc/arm-none-eabi/12.3.1/thumb/v7e-m+fp/hard/crtn.o
 *(.fini)
 .fini          0x080009a0        0x4 C:/ST/STM32CubeIDE_1.17.0/STM32CubeIDE/plugins/com.st.stm32cube.ide.mcu.externaltools.gnu-tools-for-stm32.12.3.rel1.win32_1.1.0.202410251130/tools/bin/../lib/gcc/arm-none-eabi/12.3.1/thumb/v7e-m+fp/hard/crti.o
                0x080009a0                _fini
 .fini          0x080009a4        0x8 C:/ST/STM32CubeIDE_1.17.0/STM32CubeIDE/plugins/com.st.stm32cube.ide.mcu.externaltools.gnu-tools-for-stm32.12.3.rel1.win32_1.1.0.202410251130/tools/bin/../lib/gcc/arm-none-eabi/12.3.1/thumb/v7e-m+fp/hard/crtn.o
                0x080009ac                        . = ALIGN (0x4)
                0x080009ac                        _etext = .

.vfp11_veneer   0x080009ac        0x0
 .vfp11_veneer  0x080009ac        0x0 linker stubs

.v4_bx          0x080009ac        0x0
 .v4_bx         0x080009ac        0x0 linker stubs

.iplt           0x080009ac        0x0
 .iplt          0x080009ac        0x0 C:/ST/STM32CubeIDE_1.17.0/STM32CubeIDE/plugins/com.st.stm32cube.ide.mcu.externaltools.gnu-tools-for-stm32.12.3.rel1.win32_1.1.0.202410251130/tools/bin/../lib/gcc/arm-none-eabi/12.3.1/thumb/v7e-m+fp/hard/crtbegin.o

.rodata         0x080009ac       0x10
                0x080009ac                        . = ALIGN (0x4)
 *(.rodata)
 .rodata        0x080009ac        0xd ./Src/parse.o
 *(.rodata*)
                0x080009bc                        . = ALIGN (0x4)
 *fill*         0x080009b9        0x3 

.ARM.extab      0x080009bc        0x0
                0x080009bc                        . = ALIGN (0x4)
 *(.ARM.extab* .gnu.linkonce.armextab.*)
                0x080009bc                        . = ALIGN (0x4)

.ARM            0x080009bc        0x0
                0x080009bc                        . = ALIGN (0x4)
                0x080009bc                        __exidx_start = .
 *(.ARM.exidx*)
                0x080009bc                        __exidx_end = .
                0x080009bc                        . = ALIGN (0x4)

.preinit_array  0x080009bc        0x0
                0x080009bc                        . = ALIGN (0x4)
                0x080009bc                        PROVIDE (__preinit_array_start = .)
 *(.preinit_array*)
                0x080009bc                        PROVIDE (__preinit_array_end = .)
                0x080009bc                        . = ALIGN (0x4)

.init_array     0x080009bc        0x4
                0x080009bc                        . = ALIGN (0x4)
                0x080009bc                        PROVIDE (__init_array_start = .)
 *(SORT_BY_NAME(.init_array.*))
 *(.init_array*)
 .init_array    0x080009bc        0x4 C:/ST/STM32CubeIDE_1.17.0/STM32CubeIDE/plugins/com.st.stm32cube.ide.mcu.externaltools.gnu-tools-for-stm32.12.3.rel1.win32_1.1.0.202410251130/tools/bin/../lib/gcc/arm-none-eabi/12.3.1/thumb/v7e-m+fp/hard/crtbegin.o
                0x080009c0                        PROVIDE (__init_array_end = .)
                0x080009c0                        . = ALIGN (0x4)

.fini_array     0x080009c0        0x4
                0x080009c0                        . = ALIGN (0x4)
                [!provide]                        PROVIDE (__fini_array_start = .)
 *(SORT_BY_NAME(.fini_array.*))
 *(.fini_array*)
 .fini_array    0x080009c0        0x4 C:/ST/STM32CubeIDE_1.17.0/STM32CubeIDE/plugins/com.st.stm32cube.ide.mcu.externaltools.gnu-tools-for-stm32.12.3.rel1.win32_1.1.0.202410251130/tools/bin/../lib/gcc/arm-none-eabi/12.3.1/thumb/v7e-m+fp/hard/crtbegin.o
                [!provide]                        PROVIDE (__fini_array_end = .)
                0x080009c4                        . = ALIGN (0x4)
                0x080009c4                        _sidata = LOADADDR (.data)

.rel.dyn        0x080009c4        0x0
 .rel.iplt      0x080009c4        0x0 C:/ST/STM32CubeIDE_1.17.0/STM32CubeIDE/plugins/com.st.stm32cube.ide.mcu.externaltools.gnu-tools-for-stm32.12.3.rel1.win32_1.1.0.202410251130/tools/bin/../lib/gcc/arm-none-eabi/12.3.1/thumb/v7e-m+fp/hard/crtbegin.o

.data           0x20000000       0x94 load address 0x080009c4
                0x20000000                        . = ALIGN (0x4)
                0x20000000                        _sdata = .
 *(.data)
 *(.data*)
 .data.USART1_PORT
                0x20000000       0x40 ./Src/serial.o
                0x20000000                USART1_PORT
 .data.led_state
                0x20000040        0x1 ./Src/set_get_leds.o
 *fill*         0x20000041        0x3 
 .data._impure_ptr
                0x20000044        0x4 C:/ST/STM32CubeIDE_1.17.0/STM32CubeIDE/plugins/com.st.stm32cube.ide.mcu.externaltools.gnu-tools-for-stm32.12.3.rel1.win32_1.1.0.202410251130/tools/bin/../lib/gcc/arm-none-eabi/12.3.1/../../../../arm-none-eabi/lib/thumb/v7e-m+fp/hard\libc_nano.a(libc_a-impure.o)
                0x20000044                _impure_ptr
 .data._impure_data
                0x20000048       0x4c C:/ST/STM32CubeIDE_1.17.0/STM32CubeIDE/plugins/com.st.stm32cube.ide.mcu.externaltools.gnu-tools-for-stm32.12.3.rel1.win32_1.1.0.202410251130/tools/bin/../lib/gcc/arm-none-eabi/12.3.1/../../../../arm-none-eabi/lib/thumb/v7e-m+fp/hard\libc_nano.a(libc_a-impure.o)
                0x20000048                _impure_data
 *(.RamFunc)
 *(.RamFunc*)
                0x20000094                        . = ALIGN (0x4)
                0x20000094                        _edata = .
                0x08000a58                        _siccmram = LOADADDR (.ccmram)

.igot.plt       0x20000094        0x0 load address 0x08000a58
 .igot.plt      0x20000094        0x0 C:/ST/STM32CubeIDE_1.17.0/STM32CubeIDE/plugins/com.st.stm32cube.ide.mcu.externaltools.gnu-tools-for-stm32.12.3.rel1.win32_1.1.0.202410251130/tools/bin/../lib/gcc/arm-none-eabi/12.3.1/thumb/v7e-m+fp/hard/crtbegin.o

.ccmram         0x10000000        0x0 load address 0x08000a58
                0x10000000                        . = ALIGN (0x4)
                0x10000000                        _sccmram = .
 *(.ccmram)
 *(.ccmram*)
                0x10000000                        . = ALIGN (0x4)
                0x10000000                        _eccmram = .
                0x10000000                        . = ALIGN (0x4)

.bss            0x20000094      0x168
                0x20000094                        _sbss = .
                0x20000094                        __bss_start__ = _sbss
 *(.bss)
 .bss           0x20000094       0x1c C:/ST/STM32CubeIDE_1.17.0/STM32CubeIDE/plugins/com.st.stm32cube.ide.mcu.externaltools.gnu-tools-for-stm32.12.3.rel1.win32_1.1.0.202410251130/tools/bin/../lib/gcc/arm-none-eabi/12.3.1/thumb/v7e-m+fp/hard/crtbegin.o
 *(.bss*)
 .bss.__sbrk_heap_end
                0x200000b0        0x4 ./Src/sysmem.o
 .bss.__malloc_sbrk_start
                0x200000b4        0x4 C:/ST/STM32CubeIDE_1.17.0/STM32CubeIDE/plugins/com.st.stm32cube.ide.mcu.externaltools.gnu-tools-for-stm32.12.3.rel1.win32_1.1.0.202410251130/tools/bin/../lib/gcc/arm-none-eabi/12.3.1/../../../../arm-none-eabi/lib/thumb/v7e-m+fp/hard\libc_nano.a(libc_a-mallocr.o)
                0x200000b4                __malloc_sbrk_start
 .bss.__malloc_free_list
                0x200000b8        0x4 C:/ST/STM32CubeIDE_1.17.0/STM32CubeIDE/plugins/com.st.stm32cube.ide.mcu.externaltools.gnu-tools-for-stm32.12.3.rel1.win32_1.1.0.202410251130/tools/bin/../lib/gcc/arm-none-eabi/12.3.1/../../../../arm-none-eabi/lib/thumb/v7e-m+fp/hard\libc_nano.a(libc_a-mallocr.o)
                0x200000b8                __malloc_free_list
 .bss.__sf      0x200000bc      0x138 C:/ST/STM32CubeIDE_1.17.0/STM32CubeIDE/plugins/com.st.stm32cube.ide.mcu.externaltools.gnu-tools-for-stm32.12.3.rel1.win32_1.1.0.202410251130/tools/bin/../lib/gcc/arm-none-eabi/12.3.1/../../../../arm-none-eabi/lib/thumb/v7e-m+fp/hard\libc_nano.a(libc_a-findfp.o)
                0x200000bc                __sf
 .bss.errno     0x200001f4        0x4 C:/ST/STM32CubeIDE_1.17.0/STM32CubeIDE/plugins/com.st.stm32cube.ide.mcu.externaltools.gnu-tools-for-stm32.12.3.rel1.win32_1.1.0.202410251130/tools/bin/../lib/gcc/arm-none-eabi/12.3.1/../../../../arm-none-eabi/lib/thumb/v7e-m+fp/hard\libc_nano.a(libc_a-reent.o)
                0x200001f4                errno
 .bss.__lock___malloc_recursive_mutex
                0x200001f8        0x1 C:/ST/STM32CubeIDE_1.17.0/STM32CubeIDE/plugins/com.st.stm32cube.ide.mcu.externaltools.gnu-tools-for-stm32.12.3.rel1.win32_1.1.0.202410251130/tools/bin/../lib/gcc/arm-none-eabi/12.3.1/../../../../arm-none-eabi/lib/thumb/v7e-m+fp/hard\libc_nano.a(libc_a-lock.o)
                0x200001f8                __lock___malloc_recursive_mutex
 *(COMMON)
                0x200001fc                        . = ALIGN (0x4)
 *fill*         0x200001f9        0x3 
                0x200001fc                        _ebss = .
                0x200001fc                        __bss_end__ = _ebss

._user_heap_stack
                0x200001fc      0x604
                0x20000200                        . = ALIGN (0x8)
 *fill*         0x200001fc        0x4 
                [!provide]                        PROVIDE (end = .)
                0x20000200                        PROVIDE (_end = .)
                0x20000400                        . = (. + _Min_Heap_Size)
 *fill*         0x20000200      0x200 
                0x20000800                        . = (. + _Min_Stack_Size)
 *fill*         0x20000400      0x400 
                0x20000800                        . = ALIGN (0x8)

/DISCARD/
 libc.a(*)
 libm.a(*)
 libgcc.a(*)

.ARM.attributes
                0x00000000       0x30
 *(.ARM.attributes)
 .ARM.attributes
                0x00000000       0x22 C:/ST/STM32CubeIDE_1.17.0/STM32CubeIDE/plugins/com.st.stm32cube.ide.mcu.externaltools.gnu-tools-for-stm32.12.3.rel1.win32_1.1.0.202410251130/tools/bin/../lib/gcc/arm-none-eabi/12.3.1/thumb/v7e-m+fp/hard/crti.o
 .ARM.attributes
                0x00000022       0x34 C:/ST/STM32CubeIDE_1.17.0/STM32CubeIDE/plugins/com.st.stm32cube.ide.mcu.externaltools.gnu-tools-for-stm32.12.3.rel1.win32_1.1.0.202410251130/tools/bin/../lib/gcc/arm-none-eabi/12.3.1/thumb/v7e-m+fp/hard/crtbegin.o
 .ARM.attributes
                0x00000056       0x34 ./Src/digital_IO.o
 .ARM.attributes
                0x0000008a       0x34 ./Src/interrupts.o
 .ARM.attributes
                0x000000be       0x34 ./Src/main.o
 .ARM.attributes
                0x000000f2       0x34 ./Src/parse.o
 .ARM.attributes
                0x00000126       0x34 ./Src/serial.o
 .ARM.attributes
                0x0000015a       0x34 ./Src/set_get_leds.o
 .ARM.attributes
                0x0000018e       0x34 ./Src/sysmem.o
 .ARM.attributes
                0x000001c2       0x21 ./Startup/startup_stm32f303vctx.o
 .ARM.attributes
                0x000001e3       0x34 C:/ST/STM32CubeIDE_1.17.0/STM32CubeIDE/plugins/com.st.stm32cube.ide.mcu.externaltools.gnu-tools-for-stm32.12.3.rel1.win32_1.1.0.202410251130/tools/bin/../lib/gcc/arm-none-eabi/12.3.1/../../../../arm-none-eabi/lib/thumb/v7e-m+fp/hard\libc_nano.a(libc_a-malloc.o)
 .ARM.attributes
                0x00000217       0x34 C:/ST/STM32CubeIDE_1.17.0/STM32CubeIDE/plugins/com.st.stm32cube.ide.mcu.externaltools.gnu-tools-for-stm32.12.3.rel1.win32_1.1.0.202410251130/tools/bin/../lib/gcc/arm-none-eabi/12.3.1/../../../../arm-none-eabi/lib/thumb/v7e-m+fp/hard\libc_nano.a(libc_a-mallocr.o)
 .ARM.attributes
                0x0000024b       0x34 C:/ST/STM32CubeIDE_1.17.0/STM32CubeIDE/plugins/com.st.stm32cube.ide.mcu.externaltools.gnu-tools-for-stm32.12.3.rel1.win32_1.1.0.202410251130/tools/bin/../lib/gcc/arm-none-eabi/12.3.1/../../../../arm-none-eabi/lib/thumb/v7e-m+fp/hard\libc_nano.a(libc_a-mlock.o)
 .ARM.attributes
                0x0000027f       0x34 C:/ST/STM32CubeIDE_1.17.0/STM32CubeIDE/plugins/com.st.stm32cube.ide.mcu.externaltools.gnu-tools-for-stm32.12.3.rel1.win32_1.1.0.202410251130/tools/bin/../lib/gcc/arm-none-eabi/12.3.1/../../../../arm-none-eabi/lib/thumb/v7e-m+fp/hard\libc_nano.a(libc_a-findfp.o)
 .ARM.attributes
                0x000002b3       0x34 C:/ST/STM32CubeIDE_1.17.0/STM32CubeIDE/plugins/com.st.stm32cube.ide.mcu.externaltools.gnu-tools-for-stm32.12.3.rel1.win32_1.1.0.202410251130/tools/bin/../lib/gcc/arm-none-eabi/12.3.1/../../../../arm-none-eabi/lib/thumb/v7e-m+fp/hard\libc_nano.a(libc_a-strncmp.o)
 .ARM.attributes
                0x000002e7       0x34 C:/ST/STM32CubeIDE_1.17.0/STM32CubeIDE/plugins/com.st.stm32cube.ide.mcu.externaltools.gnu-tools-for-stm32.12.3.rel1.win32_1.1.0.202410251130/tools/bin/../lib/gcc/arm-none-eabi/12.3.1/../../../../arm-none-eabi/lib/thumb/v7e-m+fp/hard\libc_nano.a(libc_a-reent.o)
 .ARM.attributes
                0x0000031b       0x34 C:/ST/STM32CubeIDE_1.17.0/STM32CubeIDE/plugins/com.st.stm32cube.ide.mcu.externaltools.gnu-tools-for-stm32.12.3.rel1.win32_1.1.0.202410251130/tools/bin/../lib/gcc/arm-none-eabi/12.3.1/../../../../arm-none-eabi/lib/thumb/v7e-m+fp/hard\libc_nano.a(libc_a-impure.o)
 .ARM.attributes
                0x0000034f       0x34 C:/ST/STM32CubeIDE_1.17.0/STM32CubeIDE/plugins/com.st.stm32cube.ide.mcu.externaltools.gnu-tools-for-stm32.12.3.rel1.win32_1.1.0.202410251130/tools/bin/../lib/gcc/arm-none-eabi/12.3.1/../../../../arm-none-eabi/lib/thumb/v7e-m+fp/hard\libc_nano.a(libc_a-sbrkr.o)
 .ARM.attributes
                0x00000383       0x34 C:/ST/STM32CubeIDE_1.17.0/STM32CubeIDE/plugins/com.st.stm32cube.ide.mcu.externaltools.gnu-tools-for-stm32.12.3.rel1.win32_1.1.0.202410251130/tools/bin/../lib/gcc/arm-none-eabi/12.3.1/../../../../arm-none-eabi/lib/thumb/v7e-m+fp/hard\libc_nano.a(libc_a-errno.o)
 .ARM.attributes
                0x000003b7       0x34 C:/ST/STM32CubeIDE_1.17.0/STM32CubeIDE/plugins/com.st.stm32cube.ide.mcu.externaltools.gnu-tools-for-stm32.12.3.rel1.win32_1.1.0.202410251130/tools/bin/../lib/gcc/arm-none-eabi/12.3.1/../../../../arm-none-eabi/lib/thumb/v7e-m+fp/hard\libc_nano.a(libc_a-init.o)
 .ARM.attributes
                0x000003eb       0x34 C:/ST/STM32CubeIDE_1.17.0/STM32CubeIDE/plugins/com.st.stm32cube.ide.mcu.externaltools.gnu-tools-for-stm32.12.3.rel1.win32_1.1.0.202410251130/tools/bin/../lib/gcc/arm-none-eabi/12.3.1/../../../../arm-none-eabi/lib/thumb/v7e-m+fp/hard\libc_nano.a(libc_a-lock.o)
 .ARM.attributes
                0x0000041f       0x22 C:/ST/STM32CubeIDE_1.17.0/STM32CubeIDE/plugins/com.st.stm32cube.ide.mcu.externaltools.gnu-tools-for-stm32.12.3.rel1.win32_1.1.0.202410251130/tools/bin/../lib/gcc/arm-none-eabi/12.3.1/thumb/v7e-m+fp/hard/crtn.o
OUTPUT(IntegrationEthan.elf elf32-littlearm)
LOAD linker stubs
LOAD C:/ST/STM32CubeIDE_1.17.0/STM32CubeIDE/plugins/com.st.stm32cube.ide.mcu.externaltools.gnu-tools-for-stm32.12.3.rel1.win32_1.1.0.202410251130/tools/bin/../lib/gcc/arm-none-eabi/12.3.1/../../../../arm-none-eabi/lib/thumb/v7e-m+fp/hard\libc.a
LOAD C:/ST/STM32CubeIDE_1.17.0/STM32CubeIDE/plugins/com.st.stm32cube.ide.mcu.externaltools.gnu-tools-for-stm32.12.3.rel1.win32_1.1.0.202410251130/tools/bin/../lib/gcc/arm-none-eabi/12.3.1/../../../../arm-none-eabi/lib/thumb/v7e-m+fp/hard\libm.a
LOAD C:/ST/STM32CubeIDE_1.17.0/STM32CubeIDE/plugins/com.st.stm32cube.ide.mcu.externaltools.gnu-tools-for-stm32.12.3.rel1.win32_1.1.0.202410251130/tools/bin/../lib/gcc/arm-none-eabi/12.3.1/thumb/v7e-m+fp/hard\libgcc.a

.debug_info     0x00000000     0x1dbb
 .debug_info    0x00000000      0x2b6 ./Src/digital_IO.o
 .debug_info    0x000002b6      0x446 ./Src/interrupts.o
 .debug_info    0x000006fc      0x418 ./Src/main.o
 .debug_info    0x00000b14      0x427 ./Src/parse.o
 .debug_info    0x00000f3b      0xb4a ./Src/serial.o
 .debug_info    0x00001a85      0x19e ./Src/set_get_leds.o
 .debug_info    0x00001c23      0x168 ./Src/sysmem.o
 .debug_info    0x00001d8b       0x30 ./Startup/startup_stm32f303vctx.o

.debug_abbrev   0x00000000      0x9d7
 .debug_abbrev  0x00000000      0x125 ./Src/digital_IO.o
 .debug_abbrev  0x00000125      0x19e ./Src/interrupts.o
 .debug_abbrev  0x000002c3      0x18b ./Src/main.o
 .debug_abbrev  0x0000044e      0x17e ./Src/parse.o
 .debug_abbrev  0x000005cc      0x23b ./Src/serial.o
 .debug_abbrev  0x00000807       0xf0 ./Src/set_get_leds.o
 .debug_abbrev  0x000008f7       0xbc ./Src/sysmem.o
 .debug_abbrev  0x000009b3       0x24 ./Startup/startup_stm32f303vctx.o

.debug_aranges  0x00000000      0x178
 .debug_aranges
                0x00000000       0x30 ./Src/digital_IO.o
 .debug_aranges
                0x00000030       0x40 ./Src/interrupts.o
 .debug_aranges
                0x00000070       0x28 ./Src/main.o
 .debug_aranges
                0x00000098       0x20 ./Src/parse.o
 .debug_aranges
                0x000000b8       0x50 ./Src/serial.o
 .debug_aranges
                0x00000108       0x28 ./Src/set_get_leds.o
 .debug_aranges
                0x00000130       0x20 ./Src/sysmem.o
 .debug_aranges
                0x00000150       0x28 ./Startup/startup_stm32f303vctx.o

.debug_rnglists
                0x00000000       0xf4
 .debug_rnglists
                0x00000000       0x1f ./Src/digital_IO.o
 .debug_rnglists
                0x0000001f       0x2c ./Src/interrupts.o
 .debug_rnglists
                0x0000004b       0x19 ./Src/main.o
 .debug_rnglists
                0x00000064       0x13 ./Src/parse.o
 .debug_rnglists
                0x00000077       0x38 ./Src/serial.o
 .debug_rnglists
                0x000000af       0x19 ./Src/set_get_leds.o
 .debug_rnglists
                0x000000c8       0x13 ./Src/sysmem.o
 .debug_rnglists
                0x000000db       0x19 ./Startup/startup_stm32f303vctx.o

.debug_macro    0x00000000    0x165ba
 .debug_macro   0x00000000       0xd3 ./Src/digital_IO.o
 .debug_macro   0x000000d3      0xac0 ./Src/digital_IO.o
 .debug_macro   0x00000b93       0x22 ./Src/digital_IO.o
 .debug_macro   0x00000bb5       0x8e ./Src/digital_IO.o
 .debug_macro   0x00000c43       0x51 ./Src/digital_IO.o
 .debug_macro   0x00000c94      0x103 ./Src/digital_IO.o
 .debug_macro   0x00000d97       0x6a ./Src/digital_IO.o
 .debug_macro   0x00000e01      0x1df ./Src/digital_IO.o
 .debug_macro   0x00000fe0       0x28 ./Src/digital_IO.o
 .debug_macro   0x00001008       0x1c ./Src/digital_IO.o
 .debug_macro   0x00001024       0x22 ./Src/digital_IO.o
 .debug_macro   0x00001046       0xd9 ./Src/digital_IO.o
 .debug_macro   0x0000111f     0x102d ./Src/digital_IO.o
 .debug_macro   0x0000214c      0x11f ./Src/digital_IO.o
 .debug_macro   0x0000226b    0x12a3a ./Src/digital_IO.o
 .debug_macro   0x00014ca5      0x1f3 ./Src/interrupts.o
 .debug_macro   0x00014e98       0x61 ./Src/interrupts.o
 .debug_macro   0x00014ef9       0x2a ./Src/interrupts.o
 .debug_macro   0x00014f23       0x43 ./Src/interrupts.o
 .debug_macro   0x00014f66       0x34 ./Src/interrupts.o
 .debug_macro   0x00014f9a       0x16 ./Src/interrupts.o
 .debug_macro   0x00014fb0       0x9e ./Src/interrupts.o
 .debug_macro   0x0001504e      0x369 ./Src/interrupts.o
 .debug_macro   0x000153b7      0x10b ./Src/interrupts.o
 .debug_macro   0x000154c2       0x10 ./Src/interrupts.o
 .debug_macro   0x000154d2       0x16 ./Src/interrupts.o
 .debug_macro   0x000154e8       0x43 ./Src/interrupts.o
 .debug_macro   0x0001552b       0x34 ./Src/interrupts.o
 .debug_macro   0x0001555f       0x10 ./Src/interrupts.o
 .debug_macro   0x0001556f       0x58 ./Src/interrupts.o
 .debug_macro   0x000155c7       0x8e ./Src/interrupts.o
 .debug_macro   0x00015655       0x1c ./Src/interrupts.o
 .debug_macro   0x00015671      0x177 ./Src/interrupts.o
 .debug_macro   0x000157e8       0x16 ./Src/interrupts.o
 .debug_macro   0x000157fe       0x16 ./Src/interrupts.o
 .debug_macro   0x00015814      0x146 ./Src/interrupts.o
 .debug_macro   0x0001595a       0x16 ./Src/interrupts.o
 .debug_macro   0x00015970       0x35 ./Src/interrupts.o
 .debug_macro   0x000159a5       0x16 ./Src/interrupts.o
 .debug_macro   0x000159bb       0x29 ./Src/interrupts.o
 .debug_macro   0x000159e4       0x22 ./Src/interrupts.o
 .debug_macro   0x00015a06      0x255 ./Src/main.o
 .debug_macro   0x00015c5b       0x5b ./Src/main.o
 .debug_macro   0x00015cb6       0x94 ./Src/main.o
 .debug_macro   0x00015d4a       0x57 ./Src/main.o
 .debug_macro   0x00015da1       0x16 ./Src/main.o
 .debug_macro   0x00015db7       0x20 ./Src/main.o
 .debug_macro   0x00015dd7      0x235 ./Src/parse.o
 .debug_macro   0x0001600c      0x1aa ./Src/serial.o
 .debug_macro   0x000161b6       0xc9 ./Src/set_get_leds.o
 .debug_macro   0x0001627f       0xff ./Src/sysmem.o
 .debug_macro   0x0001637e      0x23c ./Src/sysmem.o

.debug_line     0x00000000     0x2cfe
 .debug_line    0x00000000      0x504 ./Src/digital_IO.o
 .debug_line    0x00000504      0x799 ./Src/interrupts.o
 .debug_line    0x00000c9d      0x6e3 ./Src/main.o
 .debug_line    0x00001380      0x6b3 ./Src/parse.o
 .debug_line    0x00001a33      0x824 ./Src/serial.o
 .debug_line    0x00002257      0x4b8 ./Src/set_get_leds.o
 .debug_line    0x0000270f      0x574 ./Src/sysmem.o
 .debug_line    0x00002c83       0x7b ./Startup/startup_stm32f303vctx.o

.debug_str      0x00000000    0x769f4
 .debug_str     0x00000000    0x721eb ./Src/digital_IO.o
                              0x72386 (size before relaxing)
 .debug_str     0x000721eb     0x3ce0 ./Src/interrupts.o
                              0x76021 (size before relaxing)
 .debug_str     0x00075ecb      0x10b ./Src/main.o
                              0x760d4 (size before relaxing)
 .debug_str     0x00075fd6       0x31 ./Src/parse.o
                              0x760b1 (size before relaxing)
 .debug_str     0x00076007      0x4b3 ./Src/serial.o
                              0x764ff (size before relaxing)
 .debug_str     0x000764ba       0x24 ./Src/set_get_leds.o
                              0x722e3 (size before relaxing)
 .debug_str     0x000764de      0x4d7 ./Src/sysmem.o
                               0x6100 (size before relaxing)
 .debug_str     0x000769b5       0x3f ./Startup/startup_stm32f303vctx.o
                                 0x9d (size before relaxing)

.comment        0x00000000       0x43
 .comment       0x00000000       0x43 ./Src/digital_IO.o
                                 0x44 (size before relaxing)
 .comment       0x00000043       0x44 ./Src/interrupts.o
 .comment       0x00000043       0x44 ./Src/main.o
 .comment       0x00000043       0x44 ./Src/parse.o
 .comment       0x00000043       0x44 ./Src/serial.o
 .comment       0x00000043       0x44 ./Src/set_get_leds.o
 .comment       0x00000043       0x44 ./Src/sysmem.o

.debug_frame    0x00000000      0x6ec
 .debug_frame   0x00000000       0x80 ./Src/digital_IO.o
 .debug_frame   0x00000080       0xc0 ./Src/interrupts.o
 .debug_frame   0x00000140       0x54 ./Src/main.o
 .debug_frame   0x00000194       0x34 ./Src/parse.o
 .debug_frame   0x000001c8      0x11c ./Src/serial.o
 .debug_frame   0x000002e4       0x58 ./Src/set_get_leds.o
 .debug_frame   0x0000033c       0x34 ./Src/sysmem.o
 .debug_frame   0x00000370       0x30 C:/ST/STM32CubeIDE_1.17.0/STM32CubeIDE/plugins/com.st.stm32cube.ide.mcu.externaltools.gnu-tools-for-stm32.12.3.rel1.win32_1.1.0.202410251130/tools/bin/../lib/gcc/arm-none-eabi/12.3.1/../../../../arm-none-eabi/lib/thumb/v7e-m+fp/hard\libc_nano.a(libc_a-malloc.o)
 .debug_frame   0x000003a0       0x50 C:/ST/STM32CubeIDE_1.17.0/STM32CubeIDE/plugins/com.st.stm32cube.ide.mcu.externaltools.gnu-tools-for-stm32.12.3.rel1.win32_1.1.0.202410251130/tools/bin/../lib/gcc/arm-none-eabi/12.3.1/../../../../arm-none-eabi/lib/thumb/v7e-m+fp/hard\libc_nano.a(libc_a-mallocr.o)
 .debug_frame   0x000003f0       0x30 C:/ST/STM32CubeIDE_1.17.0/STM32CubeIDE/plugins/com.st.stm32cube.ide.mcu.externaltools.gnu-tools-for-stm32.12.3.rel1.win32_1.1.0.202410251130/tools/bin/../lib/gcc/arm-none-eabi/12.3.1/../../../../arm-none-eabi/lib/thumb/v7e-m+fp/hard\libc_nano.a(libc_a-mlock.o)
 .debug_frame   0x00000420      0x144 C:/ST/STM32CubeIDE_1.17.0/STM32CubeIDE/plugins/com.st.stm32cube.ide.mcu.externaltools.gnu-tools-for-stm32.12.3.rel1.win32_1.1.0.202410251130/tools/bin/../lib/gcc/arm-none-eabi/12.3.1/../../../../arm-none-eabi/lib/thumb/v7e-m+fp/hard\libc_nano.a(libc_a-findfp.o)
 .debug_frame   0x00000564       0x28 C:/ST/STM32CubeIDE_1.17.0/STM32CubeIDE/plugins/com.st.stm32cube.ide.mcu.externaltools.gnu-tools-for-stm32.12.3.rel1.win32_1.1.0.202410251130/tools/bin/../lib/gcc/arm-none-eabi/12.3.1/../../../../arm-none-eabi/lib/thumb/v7e-m+fp/hard\libc_nano.a(libc_a-strncmp.o)
 .debug_frame   0x0000058c       0x38 C:/ST/STM32CubeIDE_1.17.0/STM32CubeIDE/plugins/com.st.stm32cube.ide.mcu.externaltools.gnu-tools-for-stm32.12.3.rel1.win32_1.1.0.202410251130/tools/bin/../lib/gcc/arm-none-eabi/12.3.1/../../../../arm-none-eabi/lib/thumb/v7e-m+fp/hard\libc_nano.a(libc_a-reent.o)
 .debug_frame   0x000005c4       0x2c C:/ST/STM32CubeIDE_1.17.0/STM32CubeIDE/plugins/com.st.stm32cube.ide.mcu.externaltools.gnu-tools-for-stm32.12.3.rel1.win32_1.1.0.202410251130/tools/bin/../lib/gcc/arm-none-eabi/12.3.1/../../../../arm-none-eabi/lib/thumb/v7e-m+fp/hard\libc_nano.a(libc_a-sbrkr.o)
 .debug_frame   0x000005f0       0x20 C:/ST/STM32CubeIDE_1.17.0/STM32CubeIDE/plugins/com.st.stm32cube.ide.mcu.externaltools.gnu-tools-for-stm32.12.3.rel1.win32_1.1.0.202410251130/tools/bin/../lib/gcc/arm-none-eabi/12.3.1/../../../../arm-none-eabi/lib/thumb/v7e-m+fp/hard\libc_nano.a(libc_a-errno.o)
 .debug_frame   0x00000610       0x2c C:/ST/STM32CubeIDE_1.17.0/STM32CubeIDE/plugins/com.st.stm32cube.ide.mcu.externaltools.gnu-tools-for-stm32.12.3.rel1.win32_1.1.0.202410251130/tools/bin/../lib/gcc/arm-none-eabi/12.3.1/../../../../arm-none-eabi/lib/thumb/v7e-m+fp/hard\libc_nano.a(libc_a-init.o)
 .debug_frame   0x0000063c       0xb0 C:/ST/STM32CubeIDE_1.17.0/STM32CubeIDE/plugins/com.st.stm32cube.ide.mcu.externaltools.gnu-tools-for-stm32.12.3.rel1.win32_1.1.0.202410251130/tools/bin/../lib/gcc/arm-none-eabi/12.3.1/../../../../arm-none-eabi/lib/thumb/v7e-m+fp/hard\libc_nano.a(libc_a-lock.o)

.debug_line_str
                0x00000000       0x81
 .debug_line_str
                0x00000000       0x81 ./Startup/startup_stm32f303vctx.o
