../Inc/core_cm4.h:1688:22:__NVIC_EnableIRQ	16	static
../Inc/core_cm4.h:1724:22:__NVIC_DisableIRQ	16	static,ignoring_inline_asm
../Src/timers.c:10:10:timers_case	24	static
../Src/timers.c:23:6:Timer_Init	16	static
../Src/timers.c:40:6:Timer_Start	4	static
../Src/timers.c:46:6:Timer_SetPeriod	16	static
../Src/timers.c:52:10:Timer_GetPeriod	4	static
../Src/timers.c:57:6:Timer_OneShot	16	static
../Src/timers.c:68:6:TIM2_IRQHandler	8	static
../Src/timers.c:84:6:led_callback	16	static
../Src/timers.c:97:6:led_oneshot_callback	16	static
../Src/timers.c:104:6:stop_timer	8	static
